------------------------------------------------------------
TimeQuest Timing Analyzer Summary
------------------------------------------------------------

Type  : Slow 900mV 100C Model Setup 'clk'
Slack : -0.258
TNS   : -0.578

Type  : Slow 900mV 100C Model Hold 'clk'
Slack : 0.054
TNS   : 0.000

Type  : Slow 900mV 100C Model Minimum Pulse Width 'clk'
Slack : 2.103
TNS   : 0.000

Type  : Slow 900mV 0C Model Setup 'clk'
Slack : -0.393
TNS   : -1.017

Type  : Slow 900mV 0C Model Hold 'clk'
Slack : 0.052
TNS   : 0.000

Type  : Slow 900mV 0C Model Minimum Pulse Width 'clk'
Slack : 2.097
TNS   : 0.000

Type  : Fast 900mV 100C Model Setup 'clk'
Slack : 1.990
TNS   : 0.000

Type  : Fast 900mV 100C Model Hold 'clk'
Slack : 0.017
TNS   : 0.000

Type  : Fast 900mV 100C Model Minimum Pulse Width 'clk'
Slack : 2.169
TNS   : 0.000

Type  : Fast 900mV 0C Model Setup 'clk'
Slack : 2.410
TNS   : 0.000

Type  : Fast 900mV 0C Model Hold 'clk'
Slack : 0.018
TNS   : 0.000

Type  : Fast 900mV 0C Model Minimum Pulse Width 'clk'
Slack : 2.187
TNS   : 0.000

------------------------------------------------------------
