------------------------------------------------------------
TimeQuest Timing Analyzer Summary
------------------------------------------------------------

Type  : Slow 900mV 100C Model Setup 'clk'
Slack : -0.147
TNS   : -0.485

Type  : Slow 900mV 100C Model Hold 'clk'
Slack : 0.058
TNS   : 0.000

Type  : Slow 900mV 100C Model Minimum Pulse Width 'clk'
Slack : 2.082
TNS   : 0.000

Type  : Slow 900mV 0C Model Setup 'clk'
Slack : -0.209
TNS   : -0.671

Type  : Slow 900mV 0C Model Hold 'clk'
Slack : 0.053
TNS   : 0.000

Type  : Slow 900mV 0C Model Minimum Pulse Width 'clk'
Slack : 2.086
TNS   : 0.000

Type  : Fast 900mV 100C Model Setup 'clk'
Slack : 2.063
TNS   : 0.000

Type  : Fast 900mV 100C Model Hold 'clk'
Slack : 0.019
TNS   : 0.000

Type  : Fast 900mV 100C Model Minimum Pulse Width 'clk'
Slack : 2.162
TNS   : 0.000

Type  : Fast 900mV 0C Model Setup 'clk'
Slack : 2.415
TNS   : 0.000

Type  : Fast 900mV 0C Model Hold 'clk'
Slack : 0.021
TNS   : 0.000

Type  : Fast 900mV 0C Model Minimum Pulse Width 'clk'
Slack : 2.183
TNS   : 0.000

------------------------------------------------------------
