// ----------------------------------------------------------------------------
// LegUp High-Level Synthesis Tool Version 7.5 (http://legupcomputing.com)
// Copyright (c) 2015-2019 LegUp Computing Inc. All Rights Reserved.
// For technical issues, please contact: support@legupcomputing.com
// For general inquiries, please contact: info@legupcomputing.com
// Date: Fri May  8 22:00:16 2020
// ----------------------------------------------------------------------------
Target FPGA: INTEL Arria10
Clock period constraint: 5.000000e+00ns
Start Function: main
state: LEGUP_0, basic block: LEGUP_0
   Transition: if (start): LEGUP_F_main_BB_entry_1 default: LEGUP_0
state: LEGUP_F_main_BB_entry_1, basic block: BB_entry
   %dist.i = alloca [36 x i32], align 4, !dbg !83, !MSB !86, !LSB !87, !extendFrom !86 (endState: LEGUP_F_main_BB_entry_1)
   %sptSet.i = alloca [36 x i32], align 4, !dbg !83, !MSB !86, !LSB !87, !extendFrom !86 (endState: LEGUP_F_main_BB_entry_1)
   %parent = alloca [36 x i32], align 4, !MSB !86, !LSB !87, !extendFrom !86 (endState: LEGUP_F_main_BB_entry_1)
   %m1 = alloca [1296 x i32], align 4, !MSB !86, !LSB !87, !extendFrom !86 (endState: LEGUP_F_main_BB_entry_1)
   %indice_e = alloca [36 x i32], align 4, !MSB !86, !LSB !87, !extendFrom !86 (endState: LEGUP_F_main_BB_entry_1)
   %indice_s = alloca [36 x i32], align 4, !MSB !86, !LSB !87, !extendFrom !86 (endState: LEGUP_F_main_BB_entry_1)
   %vla339 = alloca [42 x i32], align 4, !dbg !88, !MSB !86, !LSB !87, !extendFrom !86 (endState: LEGUP_F_main_BB_entry_1)
   %vla1340 = alloca [42 x i32], align 4, !dbg !89, !MSB !86, !LSB !87, !extendFrom !86 (endState: LEGUP_F_main_BB_entry_1)
   %vla1340.sub = getelementptr inbounds [42 x i32]* %vla1340, i32 0, i32 0, !MSB !86, !LSB !87, !extendFrom !86 (endState: LEGUP_F_main_BB_entry_1)
   %vla339.sub = getelementptr inbounds [42 x i32]* %vla339, i32 0, i32 0, !MSB !86, !LSB !87, !extendFrom !86 (endState: LEGUP_F_main_BB_entry_1)
   store i32 35, i32* %vla339.sub, align 4, !dbg !90, !tbaa !91, !MSB !86, !LSB !87, !extendFrom !86 (endState: LEGUP_F_main_BB_entry_2)
   store i32 34, i32* %vla1340.sub, align 4, !dbg !95, !tbaa !91, !MSB !86, !LSB !87, !extendFrom !86 (endState: LEGUP_F_main_BB_entry_2)
   %arrayidx3 = getelementptr inbounds [42 x i32]* %vla339, i32 0, i32 1, !dbg !96, !MSB !86, !LSB !87, !extendFrom !86 (endState: LEGUP_F_main_BB_entry_1)
   store i32 34, i32* %arrayidx3, align 4, !dbg !96, !tbaa !91, !MSB !86, !LSB !87, !extendFrom !86 (endState: LEGUP_F_main_BB_entry_2)
   %arrayidx4 = getelementptr inbounds [42 x i32]* %vla1340, i32 0, i32 1, !dbg !97, !MSB !86, !LSB !87, !extendFrom !86 (endState: LEGUP_F_main_BB_entry_1)
   store i32 33, i32* %arrayidx4, align 4, !dbg !97, !tbaa !91, !MSB !86, !LSB !87, !extendFrom !86 (endState: LEGUP_F_main_BB_entry_2)
   %arrayidx5 = getelementptr inbounds [42 x i32]* %vla339, i32 0, i32 2, !dbg !98, !MSB !86, !LSB !87, !extendFrom !86 (endState: LEGUP_F_main_BB_entry_1)
   %arrayidx6 = getelementptr inbounds [42 x i32]* %vla1340, i32 0, i32 2, !dbg !99, !MSB !86, !LSB !87, !extendFrom !86 (endState: LEGUP_F_main_BB_entry_1)
   %arrayidx7 = getelementptr inbounds [42 x i32]* %vla339, i32 0, i32 3, !dbg !100, !MSB !86, !LSB !87, !extendFrom !86 (endState: LEGUP_F_main_BB_entry_1)
   %arrayidx8 = getelementptr inbounds [42 x i32]* %vla1340, i32 0, i32 3, !dbg !101, !MSB !86, !LSB !87, !extendFrom !86 (endState: LEGUP_F_main_BB_entry_1)
   %arrayidx9 = getelementptr inbounds [42 x i32]* %vla339, i32 0, i32 4, !dbg !102, !MSB !86, !LSB !87, !extendFrom !86 (endState: LEGUP_F_main_BB_entry_1)
   %arrayidx10 = getelementptr inbounds [42 x i32]* %vla1340, i32 0, i32 4, !dbg !103, !MSB !86, !LSB !87, !extendFrom !86 (endState: LEGUP_F_main_BB_entry_1)
   %arrayidx11 = getelementptr inbounds [42 x i32]* %vla339, i32 0, i32 5, !dbg !104, !MSB !86, !LSB !87, !extendFrom !86 (endState: LEGUP_F_main_BB_entry_1)
   %arrayidx12 = getelementptr inbounds [42 x i32]* %vla1340, i32 0, i32 5, !dbg !105, !MSB !86, !LSB !87, !extendFrom !86 (endState: LEGUP_F_main_BB_entry_1)
   %arrayidx13 = getelementptr inbounds [42 x i32]* %vla339, i32 0, i32 6, !dbg !106, !MSB !86, !LSB !87, !extendFrom !86 (endState: LEGUP_F_main_BB_entry_1)
   %arrayidx14 = getelementptr inbounds [42 x i32]* %vla1340, i32 0, i32 6, !dbg !107, !MSB !86, !LSB !87, !extendFrom !86 (endState: LEGUP_F_main_BB_entry_1)
   %arrayidx15 = getelementptr inbounds [42 x i32]* %vla339, i32 0, i32 7, !dbg !108, !MSB !86, !LSB !87, !extendFrom !86 (endState: LEGUP_F_main_BB_entry_1)
   %arrayidx16 = getelementptr inbounds [42 x i32]* %vla1340, i32 0, i32 7, !dbg !109, !MSB !86, !LSB !87, !extendFrom !86 (endState: LEGUP_F_main_BB_entry_1)
   %arrayidx17 = getelementptr inbounds [42 x i32]* %vla339, i32 0, i32 8, !dbg !110, !MSB !86, !LSB !87, !extendFrom !86 (endState: LEGUP_F_main_BB_entry_1)
   %arrayidx18 = getelementptr inbounds [42 x i32]* %vla1340, i32 0, i32 8, !dbg !111, !MSB !86, !LSB !87, !extendFrom !86 (endState: LEGUP_F_main_BB_entry_1)
   %arrayidx19 = getelementptr inbounds [42 x i32]* %vla339, i32 0, i32 9, !dbg !112, !MSB !86, !LSB !87, !extendFrom !86 (endState: LEGUP_F_main_BB_entry_1)
   %arrayidx20 = getelementptr inbounds [42 x i32]* %vla1340, i32 0, i32 9, !dbg !113, !MSB !86, !LSB !87, !extendFrom !86 (endState: LEGUP_F_main_BB_entry_1)
   %arrayidx21 = getelementptr inbounds [42 x i32]* %vla339, i32 0, i32 10, !dbg !114, !MSB !86, !LSB !87, !extendFrom !86 (endState: LEGUP_F_main_BB_entry_1)
   %arrayidx22 = getelementptr inbounds [42 x i32]* %vla1340, i32 0, i32 10, !dbg !115, !MSB !86, !LSB !87, !extendFrom !86 (endState: LEGUP_F_main_BB_entry_1)
   %arrayidx23 = getelementptr inbounds [42 x i32]* %vla339, i32 0, i32 11, !dbg !116, !MSB !86, !LSB !87, !extendFrom !86 (endState: LEGUP_F_main_BB_entry_1)
   %arrayidx24 = getelementptr inbounds [42 x i32]* %vla1340, i32 0, i32 11, !dbg !117, !MSB !86, !LSB !87, !extendFrom !86 (endState: LEGUP_F_main_BB_entry_1)
   %arrayidx25 = getelementptr inbounds [42 x i32]* %vla339, i32 0, i32 12, !dbg !118, !MSB !86, !LSB !87, !extendFrom !86 (endState: LEGUP_F_main_BB_entry_1)
   %arrayidx26 = getelementptr inbounds [42 x i32]* %vla1340, i32 0, i32 12, !dbg !119, !MSB !86, !LSB !87, !extendFrom !86 (endState: LEGUP_F_main_BB_entry_1)
   %arrayidx27 = getelementptr inbounds [42 x i32]* %vla339, i32 0, i32 13, !dbg !120, !MSB !86, !LSB !87, !extendFrom !86 (endState: LEGUP_F_main_BB_entry_1)
   %arrayidx28 = getelementptr inbounds [42 x i32]* %vla1340, i32 0, i32 13, !dbg !121, !MSB !86, !LSB !87, !extendFrom !86 (endState: LEGUP_F_main_BB_entry_1)
   %arrayidx29 = getelementptr inbounds [42 x i32]* %vla339, i32 0, i32 14, !dbg !122, !MSB !86, !LSB !87, !extendFrom !86 (endState: LEGUP_F_main_BB_entry_1)
   %arrayidx30 = getelementptr inbounds [42 x i32]* %vla1340, i32 0, i32 14, !dbg !123, !MSB !86, !LSB !87, !extendFrom !86 (endState: LEGUP_F_main_BB_entry_1)
   %arrayidx31 = getelementptr inbounds [42 x i32]* %vla339, i32 0, i32 15, !dbg !124, !MSB !86, !LSB !87, !extendFrom !86 (endState: LEGUP_F_main_BB_entry_1)
   %arrayidx32 = getelementptr inbounds [42 x i32]* %vla1340, i32 0, i32 15, !dbg !125, !MSB !86, !LSB !87, !extendFrom !86 (endState: LEGUP_F_main_BB_entry_1)
   %arrayidx33 = getelementptr inbounds [42 x i32]* %vla339, i32 0, i32 16, !dbg !126, !MSB !86, !LSB !87, !extendFrom !86 (endState: LEGUP_F_main_BB_entry_1)
   %arrayidx34 = getelementptr inbounds [42 x i32]* %vla1340, i32 0, i32 16, !dbg !127, !MSB !86, !LSB !87, !extendFrom !86 (endState: LEGUP_F_main_BB_entry_1)
   %arrayidx35 = getelementptr inbounds [42 x i32]* %vla339, i32 0, i32 17, !dbg !128, !MSB !86, !LSB !87, !extendFrom !86 (endState: LEGUP_F_main_BB_entry_1)
   %arrayidx36 = getelementptr inbounds [42 x i32]* %vla1340, i32 0, i32 17, !dbg !129, !MSB !86, !LSB !87, !extendFrom !86 (endState: LEGUP_F_main_BB_entry_1)
   %arrayidx37 = getelementptr inbounds [42 x i32]* %vla339, i32 0, i32 18, !dbg !130, !MSB !86, !LSB !87, !extendFrom !86 (endState: LEGUP_F_main_BB_entry_1)
   %arrayidx38 = getelementptr inbounds [42 x i32]* %vla1340, i32 0, i32 18, !dbg !131, !MSB !86, !LSB !87, !extendFrom !86 (endState: LEGUP_F_main_BB_entry_1)
   %arrayidx39 = getelementptr inbounds [42 x i32]* %vla339, i32 0, i32 19, !dbg !132, !MSB !86, !LSB !87, !extendFrom !86 (endState: LEGUP_F_main_BB_entry_1)
   %arrayidx40 = getelementptr inbounds [42 x i32]* %vla1340, i32 0, i32 19, !dbg !133, !MSB !86, !LSB !87, !extendFrom !86 (endState: LEGUP_F_main_BB_entry_1)
   %arrayidx41 = getelementptr inbounds [42 x i32]* %vla339, i32 0, i32 20, !dbg !134, !MSB !86, !LSB !87, !extendFrom !86 (endState: LEGUP_F_main_BB_entry_1)
   %arrayidx42 = getelementptr inbounds [42 x i32]* %vla1340, i32 0, i32 20, !dbg !135, !MSB !86, !LSB !87, !extendFrom !86 (endState: LEGUP_F_main_BB_entry_1)
   %arrayidx43 = getelementptr inbounds [42 x i32]* %vla339, i32 0, i32 21, !dbg !136, !MSB !86, !LSB !87, !extendFrom !86 (endState: LEGUP_F_main_BB_entry_1)
   %arrayidx44 = getelementptr inbounds [42 x i32]* %vla1340, i32 0, i32 21, !dbg !137, !MSB !86, !LSB !87, !extendFrom !86 (endState: LEGUP_F_main_BB_entry_1)
   %arrayidx45 = getelementptr inbounds [42 x i32]* %vla339, i32 0, i32 22, !dbg !138, !MSB !86, !LSB !87, !extendFrom !86 (endState: LEGUP_F_main_BB_entry_1)
   %arrayidx46 = getelementptr inbounds [42 x i32]* %vla1340, i32 0, i32 22, !dbg !139, !MSB !86, !LSB !87, !extendFrom !86 (endState: LEGUP_F_main_BB_entry_1)
   %arrayidx47 = getelementptr inbounds [42 x i32]* %vla339, i32 0, i32 23, !dbg !140, !MSB !86, !LSB !87, !extendFrom !86 (endState: LEGUP_F_main_BB_entry_1)
   %arrayidx48 = getelementptr inbounds [42 x i32]* %vla1340, i32 0, i32 23, !dbg !141, !MSB !86, !LSB !87, !extendFrom !86 (endState: LEGUP_F_main_BB_entry_1)
   %arrayidx49 = getelementptr inbounds [42 x i32]* %vla339, i32 0, i32 24, !dbg !142, !MSB !86, !LSB !87, !extendFrom !86 (endState: LEGUP_F_main_BB_entry_1)
   %arrayidx50 = getelementptr inbounds [42 x i32]* %vla1340, i32 0, i32 24, !dbg !143, !MSB !86, !LSB !87, !extendFrom !86 (endState: LEGUP_F_main_BB_entry_1)
   %arrayidx51 = getelementptr inbounds [42 x i32]* %vla339, i32 0, i32 25, !dbg !144, !MSB !86, !LSB !87, !extendFrom !86 (endState: LEGUP_F_main_BB_entry_1)
   %arrayidx52 = getelementptr inbounds [42 x i32]* %vla1340, i32 0, i32 25, !dbg !145, !MSB !86, !LSB !87, !extendFrom !86 (endState: LEGUP_F_main_BB_entry_1)
   %arrayidx53 = getelementptr inbounds [42 x i32]* %vla339, i32 0, i32 26, !dbg !146, !MSB !86, !LSB !87, !extendFrom !86 (endState: LEGUP_F_main_BB_entry_1)
   %arrayidx54 = getelementptr inbounds [42 x i32]* %vla1340, i32 0, i32 26, !dbg !147, !MSB !86, !LSB !87, !extendFrom !86 (endState: LEGUP_F_main_BB_entry_1)
   %arrayidx55 = getelementptr inbounds [42 x i32]* %vla339, i32 0, i32 27, !dbg !148, !MSB !86, !LSB !87, !extendFrom !86 (endState: LEGUP_F_main_BB_entry_1)
   %arrayidx56 = getelementptr inbounds [42 x i32]* %vla1340, i32 0, i32 27, !dbg !149, !MSB !86, !LSB !87, !extendFrom !86 (endState: LEGUP_F_main_BB_entry_1)
   %arrayidx57 = getelementptr inbounds [42 x i32]* %vla339, i32 0, i32 28, !dbg !150, !MSB !86, !LSB !87, !extendFrom !86 (endState: LEGUP_F_main_BB_entry_1)
   %arrayidx58 = getelementptr inbounds [42 x i32]* %vla1340, i32 0, i32 28, !dbg !151, !MSB !86, !LSB !87, !extendFrom !86 (endState: LEGUP_F_main_BB_entry_1)
   %arrayidx59 = getelementptr inbounds [42 x i32]* %vla339, i32 0, i32 29, !dbg !152, !MSB !86, !LSB !87, !extendFrom !86 (endState: LEGUP_F_main_BB_entry_1)
   %arrayidx60 = getelementptr inbounds [42 x i32]* %vla1340, i32 0, i32 29, !dbg !153, !MSB !86, !LSB !87, !extendFrom !86 (endState: LEGUP_F_main_BB_entry_1)
   %arrayidx61 = getelementptr inbounds [42 x i32]* %vla339, i32 0, i32 30, !dbg !154, !MSB !86, !LSB !87, !extendFrom !86 (endState: LEGUP_F_main_BB_entry_1)
   %arrayidx62 = getelementptr inbounds [42 x i32]* %vla1340, i32 0, i32 30, !dbg !155, !MSB !86, !LSB !87, !extendFrom !86 (endState: LEGUP_F_main_BB_entry_1)
   %arrayidx63 = getelementptr inbounds [42 x i32]* %vla339, i32 0, i32 31, !dbg !156, !MSB !86, !LSB !87, !extendFrom !86 (endState: LEGUP_F_main_BB_entry_1)
   %arrayidx64 = getelementptr inbounds [42 x i32]* %vla1340, i32 0, i32 31, !dbg !157, !MSB !86, !LSB !87, !extendFrom !86 (endState: LEGUP_F_main_BB_entry_1)
   %arrayidx65 = getelementptr inbounds [42 x i32]* %vla339, i32 0, i32 32, !dbg !158, !MSB !86, !LSB !87, !extendFrom !86 (endState: LEGUP_F_main_BB_entry_1)
   %arrayidx66 = getelementptr inbounds [42 x i32]* %vla1340, i32 0, i32 32, !dbg !159, !MSB !86, !LSB !87, !extendFrom !86 (endState: LEGUP_F_main_BB_entry_1)
   %arrayidx67 = getelementptr inbounds [42 x i32]* %vla339, i32 0, i32 33, !dbg !160, !MSB !86, !LSB !87, !extendFrom !86 (endState: LEGUP_F_main_BB_entry_1)
   %arrayidx68 = getelementptr inbounds [42 x i32]* %vla1340, i32 0, i32 33, !dbg !161, !MSB !86, !LSB !87, !extendFrom !86 (endState: LEGUP_F_main_BB_entry_1)
   %arrayidx69 = getelementptr inbounds [42 x i32]* %vla339, i32 0, i32 34, !dbg !162, !MSB !86, !LSB !87, !extendFrom !86 (endState: LEGUP_F_main_BB_entry_1)
   %arrayidx70 = getelementptr inbounds [42 x i32]* %vla1340, i32 0, i32 34, !dbg !163, !MSB !86, !LSB !87, !extendFrom !86 (endState: LEGUP_F_main_BB_entry_1)
   %arrayidx71 = getelementptr inbounds [42 x i32]* %vla339, i32 0, i32 35, !dbg !164, !MSB !86, !LSB !87, !extendFrom !86 (endState: LEGUP_F_main_BB_entry_1)
   %arrayidx72 = getelementptr inbounds [42 x i32]* %vla1340, i32 0, i32 35, !dbg !165, !MSB !86, !LSB !87, !extendFrom !86 (endState: LEGUP_F_main_BB_entry_1)
   %arrayidx73 = getelementptr inbounds [42 x i32]* %vla339, i32 0, i32 36, !dbg !166, !MSB !86, !LSB !87, !extendFrom !86 (endState: LEGUP_F_main_BB_entry_1)
   %arrayidx74 = getelementptr inbounds [42 x i32]* %vla1340, i32 0, i32 36, !dbg !167, !MSB !86, !LSB !87, !extendFrom !86 (endState: LEGUP_F_main_BB_entry_1)
   %arrayidx75 = getelementptr inbounds [42 x i32]* %vla339, i32 0, i32 37, !dbg !168, !MSB !86, !LSB !87, !extendFrom !86 (endState: LEGUP_F_main_BB_entry_1)
   %arrayidx76 = getelementptr inbounds [42 x i32]* %vla1340, i32 0, i32 37, !dbg !169, !MSB !86, !LSB !87, !extendFrom !86 (endState: LEGUP_F_main_BB_entry_1)
   %arrayidx77 = getelementptr inbounds [42 x i32]* %vla339, i32 0, i32 38, !dbg !170, !MSB !86, !LSB !87, !extendFrom !86 (endState: LEGUP_F_main_BB_entry_1)
   %arrayidx78 = getelementptr inbounds [42 x i32]* %vla1340, i32 0, i32 38, !dbg !171, !MSB !86, !LSB !87, !extendFrom !86 (endState: LEGUP_F_main_BB_entry_1)
   %arrayidx79 = getelementptr inbounds [42 x i32]* %vla339, i32 0, i32 39, !dbg !172, !MSB !86, !LSB !87, !extendFrom !86 (endState: LEGUP_F_main_BB_entry_1)
   %arrayidx80 = getelementptr inbounds [42 x i32]* %vla1340, i32 0, i32 39, !dbg !173, !MSB !86, !LSB !87, !extendFrom !86 (endState: LEGUP_F_main_BB_entry_1)
   %arrayidx81 = getelementptr inbounds [42 x i32]* %vla339, i32 0, i32 40, !dbg !174, !MSB !86, !LSB !87, !extendFrom !86 (endState: LEGUP_F_main_BB_entry_1)
   %arrayidx82 = getelementptr inbounds [42 x i32]* %vla1340, i32 0, i32 40, !dbg !175, !MSB !86, !LSB !87, !extendFrom !86 (endState: LEGUP_F_main_BB_entry_1)
   %arrayidx83 = getelementptr inbounds [42 x i32]* %vla339, i32 0, i32 41, !dbg !176, !MSB !86, !LSB !87, !extendFrom !86 (endState: LEGUP_F_main_BB_entry_1)
   %arrayidx84 = getelementptr inbounds [42 x i32]* %vla1340, i32 0, i32 41, !dbg !177, !MSB !86, !LSB !87, !extendFrom !86 (endState: LEGUP_F_main_BB_entry_1)
   %vla85341 = alloca [42 x i32], align 4, !dbg !178, !MSB !86, !LSB !87, !extendFrom !86 (endState: LEGUP_F_main_BB_entry_1)
   %vla86342 = alloca [42 x i32], align 4, !dbg !178, !MSB !86, !LSB !87, !extendFrom !86 (endState: LEGUP_F_main_BB_entry_1)
   Transition: default: LEGUP_F_main_BB_entry_2
state: LEGUP_F_main_BB_entry_2, basic block: BB_entry
   store i32 33, i32* %arrayidx5, align 4, !dbg !98, !tbaa !91, !MSB !86, !LSB !87, !extendFrom !86 (endState: LEGUP_F_main_BB_entry_3)
   store i32 31, i32* %arrayidx6, align 4, !dbg !99, !tbaa !91, !MSB !86, !LSB !87, !extendFrom !86 (endState: LEGUP_F_main_BB_entry_3)
   store i32 33, i32* %arrayidx7, align 4, !dbg !100, !tbaa !91, !MSB !86, !LSB !87, !extendFrom !86 (endState: LEGUP_F_main_BB_entry_3)
   store i32 32, i32* %arrayidx8, align 4, !dbg !101, !tbaa !91, !MSB !86, !LSB !87, !extendFrom !86 (endState: LEGUP_F_main_BB_entry_3)
   Transition: default: LEGUP_F_main_BB_entry_3
state: LEGUP_F_main_BB_entry_3, basic block: BB_entry
   store i32 31, i32* %arrayidx9, align 4, !dbg !102, !tbaa !91, !MSB !86, !LSB !87, !extendFrom !86 (endState: LEGUP_F_main_BB_entry_4)
   store i32 28, i32* %arrayidx10, align 4, !dbg !103, !tbaa !91, !MSB !86, !LSB !87, !extendFrom !86 (endState: LEGUP_F_main_BB_entry_4)
   store i32 31, i32* %arrayidx11, align 4, !dbg !104, !tbaa !91, !MSB !86, !LSB !87, !extendFrom !86 (endState: LEGUP_F_main_BB_entry_4)
   store i32 30, i32* %arrayidx12, align 4, !dbg !105, !tbaa !91, !MSB !86, !LSB !87, !extendFrom !86 (endState: LEGUP_F_main_BB_entry_4)
   Transition: default: LEGUP_F_main_BB_entry_4
state: LEGUP_F_main_BB_entry_4, basic block: BB_entry
   store i32 28, i32* %arrayidx13, align 4, !dbg !106, !tbaa !91, !MSB !86, !LSB !87, !extendFrom !86 (endState: LEGUP_F_main_BB_entry_5)
   store i32 25, i32* %arrayidx14, align 4, !dbg !107, !tbaa !91, !MSB !86, !LSB !87, !extendFrom !86 (endState: LEGUP_F_main_BB_entry_5)
   store i32 25, i32* %arrayidx15, align 4, !dbg !108, !tbaa !91, !MSB !86, !LSB !87, !extendFrom !86 (endState: LEGUP_F_main_BB_entry_5)
   store i32 22, i32* %arrayidx16, align 4, !dbg !109, !tbaa !91, !MSB !86, !LSB !87, !extendFrom !86 (endState: LEGUP_F_main_BB_entry_5)
   Transition: default: LEGUP_F_main_BB_entry_5
state: LEGUP_F_main_BB_entry_5, basic block: BB_entry
   store i32 25, i32* %arrayidx17, align 4, !dbg !110, !tbaa !91, !MSB !86, !LSB !87, !extendFrom !86 (endState: LEGUP_F_main_BB_entry_6)
   store i32 20, i32* %arrayidx18, align 4, !dbg !111, !tbaa !91, !MSB !86, !LSB !87, !extendFrom !86 (endState: LEGUP_F_main_BB_entry_6)
   store i32 22, i32* %arrayidx19, align 4, !dbg !112, !tbaa !91, !MSB !86, !LSB !87, !extendFrom !86 (endState: LEGUP_F_main_BB_entry_6)
   store i32 19, i32* %arrayidx20, align 4, !dbg !113, !tbaa !91, !MSB !86, !LSB !87, !extendFrom !86 (endState: LEGUP_F_main_BB_entry_6)
   Transition: default: LEGUP_F_main_BB_entry_6
state: LEGUP_F_main_BB_entry_6, basic block: BB_entry
   store i32 22, i32* %arrayidx21, align 4, !dbg !114, !tbaa !91, !MSB !86, !LSB !87, !extendFrom !86 (endState: LEGUP_F_main_BB_entry_7)
   store i32 17, i32* %arrayidx22, align 4, !dbg !115, !tbaa !91, !MSB !86, !LSB !87, !extendFrom !86 (endState: LEGUP_F_main_BB_entry_7)
   store i32 17, i32* %arrayidx23, align 4, !dbg !116, !tbaa !91, !MSB !86, !LSB !87, !extendFrom !86 (endState: LEGUP_F_main_BB_entry_7)
   store i32 11, i32* %arrayidx24, align 4, !dbg !117, !tbaa !91, !MSB !86, !LSB !87, !extendFrom !86 (endState: LEGUP_F_main_BB_entry_7)
   Transition: default: LEGUP_F_main_BB_entry_7
state: LEGUP_F_main_BB_entry_7, basic block: BB_entry
   store i32 11, i32* %arrayidx25, align 4, !dbg !118, !tbaa !91, !MSB !86, !LSB !87, !extendFrom !86 (endState: LEGUP_F_main_BB_entry_8)
   store i32 4, i32* %arrayidx26, align 4, !dbg !119, !tbaa !91, !MSB !86, !LSB !87, !extendFrom !86 (endState: LEGUP_F_main_BB_entry_8)
   store i32 11, i32* %arrayidx27, align 4, !dbg !120, !tbaa !91, !MSB !86, !LSB !87, !extendFrom !86 (endState: LEGUP_F_main_BB_entry_8)
   store i32 7, i32* %arrayidx28, align 4, !dbg !121, !tbaa !91, !MSB !86, !LSB !87, !extendFrom !86 (endState: LEGUP_F_main_BB_entry_8)
   Transition: default: LEGUP_F_main_BB_entry_8
state: LEGUP_F_main_BB_entry_8, basic block: BB_entry
   store i32 7, i32* %arrayidx29, align 4, !dbg !122, !tbaa !91, !MSB !86, !LSB !87, !extendFrom !86 (endState: LEGUP_F_main_BB_entry_9)
   store i32 1, i32* %arrayidx30, align 4, !dbg !123, !tbaa !91, !MSB !86, !LSB !87, !extendFrom !86 (endState: LEGUP_F_main_BB_entry_9)
   store i32 4, i32* %arrayidx31, align 4, !dbg !124, !tbaa !91, !MSB !86, !LSB !87, !extendFrom !86 (endState: LEGUP_F_main_BB_entry_9)
   store i32 0, i32* %arrayidx32, align 4, !dbg !125, !tbaa !91, !MSB !86, !LSB !87, !extendFrom !86 (endState: LEGUP_F_main_BB_entry_9)
   Transition: default: LEGUP_F_main_BB_entry_9
state: LEGUP_F_main_BB_entry_9, basic block: BB_entry
   store i32 19, i32* %arrayidx33, align 4, !dbg !126, !tbaa !91, !MSB !86, !LSB !87, !extendFrom !86 (endState: LEGUP_F_main_BB_entry_10)
   store i32 14, i32* %arrayidx34, align 4, !dbg !127, !tbaa !91, !MSB !86, !LSB !87, !extendFrom !86 (endState: LEGUP_F_main_BB_entry_10)
   store i32 14, i32* %arrayidx35, align 4, !dbg !128, !tbaa !91, !MSB !86, !LSB !87, !extendFrom !86 (endState: LEGUP_F_main_BB_entry_10)
   store i32 8, i32* %arrayidx36, align 4, !dbg !129, !tbaa !91, !MSB !86, !LSB !87, !extendFrom !86 (endState: LEGUP_F_main_BB_entry_10)
   Transition: default: LEGUP_F_main_BB_entry_10
state: LEGUP_F_main_BB_entry_10, basic block: BB_entry
   store i32 8, i32* %arrayidx37, align 4, !dbg !130, !tbaa !91, !MSB !86, !LSB !87, !extendFrom !86 (endState: LEGUP_F_main_BB_entry_11)
   store i32 1, i32* %arrayidx38, align 4, !dbg !131, !tbaa !91, !MSB !86, !LSB !87, !extendFrom !86 (endState: LEGUP_F_main_BB_entry_11)
   store i32 20, i32* %arrayidx39, align 4, !dbg !132, !tbaa !91, !MSB !86, !LSB !87, !extendFrom !86 (endState: LEGUP_F_main_BB_entry_11)
   store i32 15, i32* %arrayidx40, align 4, !dbg !133, !tbaa !91, !MSB !86, !LSB !87, !extendFrom !86 (endState: LEGUP_F_main_BB_entry_11)
   Transition: default: LEGUP_F_main_BB_entry_11
state: LEGUP_F_main_BB_entry_11, basic block: BB_entry
   store i32 15, i32* %arrayidx41, align 4, !dbg !134, !tbaa !91, !MSB !86, !LSB !87, !extendFrom !86 (endState: LEGUP_F_main_BB_entry_12)
   store i32 13, i32* %arrayidx42, align 4, !dbg !135, !tbaa !91, !MSB !86, !LSB !87, !extendFrom !86 (endState: LEGUP_F_main_BB_entry_12)
   store i32 15, i32* %arrayidx43, align 4, !dbg !136, !tbaa !91, !MSB !86, !LSB !87, !extendFrom !86 (endState: LEGUP_F_main_BB_entry_12)
   store i32 9, i32* %arrayidx44, align 4, !dbg !137, !tbaa !91, !MSB !86, !LSB !87, !extendFrom !86 (endState: LEGUP_F_main_BB_entry_12)
   Transition: default: LEGUP_F_main_BB_entry_12
state: LEGUP_F_main_BB_entry_12, basic block: BB_entry
   store i32 9, i32* %arrayidx45, align 4, !dbg !138, !tbaa !91, !MSB !86, !LSB !87, !extendFrom !86 (endState: LEGUP_F_main_BB_entry_13)
   store i32 2, i32* %arrayidx46, align 4, !dbg !139, !tbaa !91, !MSB !86, !LSB !87, !extendFrom !86 (endState: LEGUP_F_main_BB_entry_13)
   store i32 2, i32* %arrayidx47, align 4, !dbg !140, !tbaa !91, !MSB !86, !LSB !87, !extendFrom !86 (endState: LEGUP_F_main_BB_entry_13)
   store i32 0, i32* %arrayidx48, align 4, !dbg !141, !tbaa !91, !MSB !86, !LSB !87, !extendFrom !86 (endState: LEGUP_F_main_BB_entry_13)
   Transition: default: LEGUP_F_main_BB_entry_13
state: LEGUP_F_main_BB_entry_13, basic block: BB_entry
   store i32 13, i32* %arrayidx49, align 4, !dbg !142, !tbaa !91, !MSB !86, !LSB !87, !extendFrom !86 (endState: LEGUP_F_main_BB_entry_14)
   store i32 6, i32* %arrayidx50, align 4, !dbg !143, !tbaa !91, !MSB !86, !LSB !87, !extendFrom !86 (endState: LEGUP_F_main_BB_entry_14)
   store i32 6, i32* %arrayidx51, align 4, !dbg !144, !tbaa !91, !MSB !86, !LSB !87, !extendFrom !86 (endState: LEGUP_F_main_BB_entry_14)
   store i32 0, i32* %arrayidx52, align 4, !dbg !145, !tbaa !91, !MSB !86, !LSB !87, !extendFrom !86 (endState: LEGUP_F_main_BB_entry_14)
   Transition: default: LEGUP_F_main_BB_entry_14
state: LEGUP_F_main_BB_entry_14, basic block: BB_entry
   store i32 30, i32* %arrayidx53, align 4, !dbg !146, !tbaa !91, !MSB !86, !LSB !87, !extendFrom !86 (endState: LEGUP_F_main_BB_entry_15)
   store i32 27, i32* %arrayidx54, align 4, !dbg !147, !tbaa !91, !MSB !86, !LSB !87, !extendFrom !86 (endState: LEGUP_F_main_BB_entry_15)
   store i32 27, i32* %arrayidx55, align 4, !dbg !148, !tbaa !91, !MSB !86, !LSB !87, !extendFrom !86 (endState: LEGUP_F_main_BB_entry_15)
   store i32 24, i32* %arrayidx56, align 4, !dbg !149, !tbaa !91, !MSB !86, !LSB !87, !extendFrom !86 (endState: LEGUP_F_main_BB_entry_15)
   Transition: default: LEGUP_F_main_BB_entry_15
state: LEGUP_F_main_BB_entry_15, basic block: BB_entry
   store i32 24, i32* %arrayidx57, align 4, !dbg !150, !tbaa !91, !MSB !86, !LSB !87, !extendFrom !86 (endState: LEGUP_F_main_BB_entry_16)
   store i32 19, i32* %arrayidx58, align 4, !dbg !151, !tbaa !91, !MSB !86, !LSB !87, !extendFrom !86 (endState: LEGUP_F_main_BB_entry_16)
   store i32 32, i32* %arrayidx59, align 4, !dbg !152, !tbaa !91, !MSB !86, !LSB !87, !extendFrom !86 (endState: LEGUP_F_main_BB_entry_16)
   store i32 29, i32* %arrayidx60, align 4, !dbg !153, !tbaa !91, !MSB !86, !LSB !87, !extendFrom !86 (endState: LEGUP_F_main_BB_entry_16)
   Transition: default: LEGUP_F_main_BB_entry_16
state: LEGUP_F_main_BB_entry_16, basic block: BB_entry
   store i32 29, i32* %arrayidx61, align 4, !dbg !154, !tbaa !91, !MSB !86, !LSB !87, !extendFrom !86 (endState: LEGUP_F_main_BB_entry_17)
   store i32 26, i32* %arrayidx62, align 4, !dbg !155, !tbaa !91, !MSB !86, !LSB !87, !extendFrom !86 (endState: LEGUP_F_main_BB_entry_17)
   store i32 26, i32* %arrayidx63, align 4, !dbg !156, !tbaa !91, !MSB !86, !LSB !87, !extendFrom !86 (endState: LEGUP_F_main_BB_entry_17)
   store i32 21, i32* %arrayidx64, align 4, !dbg !157, !tbaa !91, !MSB !86, !LSB !87, !extendFrom !86 (endState: LEGUP_F_main_BB_entry_17)
   Transition: default: LEGUP_F_main_BB_entry_17
state: LEGUP_F_main_BB_entry_17, basic block: BB_entry
   store i32 26, i32* %arrayidx65, align 4, !dbg !158, !tbaa !91, !MSB !86, !LSB !87, !extendFrom !86 (endState: LEGUP_F_main_BB_entry_18)
   store i32 23, i32* %arrayidx66, align 4, !dbg !159, !tbaa !91, !MSB !86, !LSB !87, !extendFrom !86 (endState: LEGUP_F_main_BB_entry_18)
   store i32 21, i32* %arrayidx67, align 4, !dbg !160, !tbaa !91, !MSB !86, !LSB !87, !extendFrom !86 (endState: LEGUP_F_main_BB_entry_18)
   store i32 16, i32* %arrayidx68, align 4, !dbg !161, !tbaa !91, !MSB !86, !LSB !87, !extendFrom !86 (endState: LEGUP_F_main_BB_entry_18)
   Transition: default: LEGUP_F_main_BB_entry_18
state: LEGUP_F_main_BB_entry_18, basic block: BB_entry
   store i32 16, i32* %arrayidx69, align 4, !dbg !162, !tbaa !91, !MSB !86, !LSB !87, !extendFrom !86 (endState: LEGUP_F_main_BB_entry_19)
   store i32 12, i32* %arrayidx70, align 4, !dbg !163, !tbaa !91, !MSB !86, !LSB !87, !extendFrom !86 (endState: LEGUP_F_main_BB_entry_19)
   store i32 16, i32* %arrayidx71, align 4, !dbg !164, !tbaa !91, !MSB !86, !LSB !87, !extendFrom !86 (endState: LEGUP_F_main_BB_entry_19)
   store i32 10, i32* %arrayidx72, align 4, !dbg !165, !tbaa !91, !MSB !86, !LSB !87, !extendFrom !86 (endState: LEGUP_F_main_BB_entry_19)
   Transition: default: LEGUP_F_main_BB_entry_19
state: LEGUP_F_main_BB_entry_19, basic block: BB_entry
   store i32 10, i32* %arrayidx73, align 4, !dbg !166, !tbaa !91, !MSB !86, !LSB !87, !extendFrom !86 (endState: LEGUP_F_main_BB_entry_20)
   store i32 3, i32* %arrayidx74, align 4, !dbg !167, !tbaa !91, !MSB !86, !LSB !87, !extendFrom !86 (endState: LEGUP_F_main_BB_entry_20)
   store i32 3, i32* %arrayidx75, align 4, !dbg !168, !tbaa !91, !MSB !86, !LSB !87, !extendFrom !86 (endState: LEGUP_F_main_BB_entry_20)
   store i32 0, i32* %arrayidx76, align 4, !dbg !169, !tbaa !91, !MSB !86, !LSB !87, !extendFrom !86 (endState: LEGUP_F_main_BB_entry_20)
   Transition: default: LEGUP_F_main_BB_entry_20
state: LEGUP_F_main_BB_entry_20, basic block: BB_entry
   store i32 12, i32* %arrayidx77, align 4, !dbg !170, !tbaa !91, !MSB !86, !LSB !87, !extendFrom !86 (endState: LEGUP_F_main_BB_entry_21)
   store i32 5, i32* %arrayidx78, align 4, !dbg !171, !tbaa !91, !MSB !86, !LSB !87, !extendFrom !86 (endState: LEGUP_F_main_BB_entry_21)
   store i32 5, i32* %arrayidx79, align 4, !dbg !172, !tbaa !91, !MSB !86, !LSB !87, !extendFrom !86 (endState: LEGUP_F_main_BB_entry_21)
   store i32 0, i32* %arrayidx80, align 4, !dbg !173, !tbaa !91, !MSB !86, !LSB !87, !extendFrom !86 (endState: LEGUP_F_main_BB_entry_21)
   Transition: default: LEGUP_F_main_BB_entry_21
state: LEGUP_F_main_BB_entry_21, basic block: BB_entry
   store i32 23, i32* %arrayidx81, align 4, !dbg !174, !tbaa !91, !MSB !86, !LSB !87, !extendFrom !86 (endState: LEGUP_F_main_BB_entry_22)
   store i32 18, i32* %arrayidx82, align 4, !dbg !175, !tbaa !91, !MSB !86, !LSB !87, !extendFrom !86 (endState: LEGUP_F_main_BB_entry_22)
   store i32 18, i32* %arrayidx83, align 4, !dbg !176, !tbaa !91, !MSB !86, !LSB !87, !extendFrom !86 (endState: LEGUP_F_main_BB_entry_22)
   store i32 13, i32* %arrayidx84, align 4, !dbg !177, !tbaa !91, !MSB !86, !LSB !87, !extendFrom !86 (endState: LEGUP_F_main_BB_entry_22)
   Transition: default: LEGUP_F_main_BB_entry_22
state: LEGUP_F_main_BB_entry_22, basic block: BB_entry
   br label %for.cond89.preheader, !dbg !181, !MSB !86, !LSB !87, !extendFrom !86
   Transition: default: LEGUP_F_main_BB_for_cond89_preheader_23
state: LEGUP_F_main_BB_for_cond89_preheader_23, basic block: BB_for_cond89_preheader
   %j87.0362 = phi i32 [ 0, %entry ], [ %4, %for.inc96 ], !MSB !184, !LSB !87, !extendFrom !184 (endState: LEGUP_F_main_BB_for_cond89_preheader_23)
   %arrayidx92 = getelementptr [42 x i32]* %vla339, i32 0, i32 %j87.0362, !dbg !185, !MSB !86, !LSB !87, !extendFrom !86 (endState: LEGUP_F_main_BB_for_cond89_preheader_23)
   %arrayidx95 = getelementptr [42 x i32]* %vla85341, i32 0, i32 %j87.0362, !dbg !188, !MSB !86, !LSB !87, !extendFrom !86 (endState: LEGUP_F_main_BB_for_cond89_preheader_23)
   %0 = load i32* %arrayidx92, align 4, !dbg !185, !tbaa !91, !MSB !190, !LSB !87, !extendFrom !190 (endState: LEGUP_F_main_BB_for_cond89_preheader_24)
   Transition: default: LEGUP_F_main_BB_for_cond89_preheader_24
state: LEGUP_F_main_BB_for_cond89_preheader_24, basic block: BB_for_cond89_preheader
   br label %for.body91, !dbg !191, !MSB !86, !LSB !87, !extendFrom !86
   Transition: default: LEGUP_F_main_BB_for_body91_25
state: LEGUP_F_main_BB_for_body91_25, basic block: BB_for_body91
   %1 = phi i32 [ 0, %for.cond89.preheader ], [ %3, %for.inc ], !dbg !188, !MSB !190, !LSB !87, !extendFrom !190 (endState: LEGUP_F_main_BB_for_body91_25)
   %arrayidx93 = getelementptr [36 x i32]* @main.grid, i32 0, i32 %1, !dbg !185, !MSB !86, !LSB !87, !extendFrom !86 (endState: LEGUP_F_main_BB_for_body91_25)
   %2 = load i32* %arrayidx93, align 4, !dbg !185, !tbaa !91, !MSB !190, !LSB !87, !extendFrom !190 (endState: LEGUP_F_main_BB_for_body91_26)
   Transition: default: LEGUP_F_main_BB_for_body91_26
state: LEGUP_F_main_BB_for_body91_26, basic block: BB_for_body91
   %cmp94 = icmp eq i32 %0, %2, !dbg !185, !MSB !87, !LSB !87, !extendFrom !87 (endState: LEGUP_F_main_BB_for_body91_26)
   br i1 %cmp94, label %if.then, label %for.inc, !dbg !185, !MSB !86, !LSB !87, !extendFrom !86
   Transition: if (%cmp94): LEGUP_F_main_BB_if_then_27 default: LEGUP_F_main_BB_for_inc_29
state: LEGUP_F_main_BB_if_then_27, basic block: BB_if_then
   store i32 %1, i32* %arrayidx95, align 4, !dbg !188, !tbaa !91, !MSB !86, !LSB !87, !extendFrom !86 (endState: LEGUP_F_main_BB_if_then_28)
   Transition: default: LEGUP_F_main_BB_if_then_28
state: LEGUP_F_main_BB_if_then_28, basic block: BB_if_then
   br label %for.inc, !dbg !194, !MSB !86, !LSB !87, !extendFrom !86
   Transition: default: LEGUP_F_main_BB_for_inc_29
state: LEGUP_F_main_BB_for_inc_29, basic block: BB_for_inc
   %3 = add nsw i32 %1, 1, !dbg !195, !MSB !190, !LSB !87, !extendFrom !190 (endState: LEGUP_F_main_BB_for_inc_29)
   %exitcond72 = icmp eq i32 %3, 36, !dbg !191, !MSB !87, !LSB !87, !extendFrom !87 (endState: LEGUP_F_main_BB_for_inc_29)
   br i1 %exitcond72, label %for.inc96, label %for.body91, !dbg !191, !MSB !86, !LSB !87, !extendFrom !86
   Transition: if (%exitcond72): LEGUP_F_main_BB_for_inc96_30 default: LEGUP_F_main_BB_for_body91_25
state: LEGUP_F_main_BB_for_inc96_30, basic block: BB_for_inc96
   %4 = add nsw i32 %j87.0362, 1, !dbg !196, !MSB !197, !LSB !87, !extendFrom !197 (endState: LEGUP_F_main_BB_for_inc96_30)
   %exitcond74 = icmp eq i32 %4, 42, !dbg !181, !MSB !87, !LSB !87, !extendFrom !87 (endState: LEGUP_F_main_BB_for_inc96_30)
   br i1 %exitcond74, label %for.cond104.preheader.preheader, label %for.cond89.preheader, !dbg !181, !MSB !86, !LSB !87, !extendFrom !86
   Transition: if (%exitcond74): LEGUP_F_main_BB_for_cond104_preheader_preheader_31 default: LEGUP_F_main_BB_for_cond89_preheader_23
state: LEGUP_F_main_BB_for_cond104_preheader_preheader_31, basic block: BB_for_cond104_preheader_preheader
   br label %for.cond104.preheader, !dbg !198, !MSB !86, !LSB !87, !extendFrom !86
   Transition: default: LEGUP_F_main_BB_for_cond104_preheader_32
state: LEGUP_F_main_BB_for_cond104_preheader_32, basic block: BB_for_cond104_preheader
   %j99.0360 = phi i32 [ %9, %for.inc116 ], [ 0, %for.cond104.preheader.preheader ], !MSB !184, !LSB !87, !extendFrom !184 (endState: LEGUP_F_main_BB_for_cond104_preheader_32)
   %arrayidx107 = getelementptr [42 x i32]* %vla1340, i32 0, i32 %j99.0360, !dbg !202, !MSB !86, !LSB !87, !extendFrom !86 (endState: LEGUP_F_main_BB_for_cond104_preheader_32)
   %arrayidx111 = getelementptr [42 x i32]* %vla86342, i32 0, i32 %j99.0360, !dbg !198, !MSB !86, !LSB !87, !extendFrom !86 (endState: LEGUP_F_main_BB_for_cond104_preheader_32)
   %5 = load i32* %arrayidx107, align 4, !dbg !202, !tbaa !91, !MSB !190, !LSB !87, !extendFrom !190 (endState: LEGUP_F_main_BB_for_cond104_preheader_33)
   Transition: default: LEGUP_F_main_BB_for_cond104_preheader_33
state: LEGUP_F_main_BB_for_cond104_preheader_33, basic block: BB_for_cond104_preheader
   br label %for.body106, !dbg !203, !MSB !86, !LSB !87, !extendFrom !86
   Transition: default: LEGUP_F_main_BB_for_body106_34
state: LEGUP_F_main_BB_for_body106_34, basic block: BB_for_body106
   %6 = phi i32 [ 0, %for.cond104.preheader ], [ %8, %for.inc113 ], !dbg !198, !MSB !190, !LSB !87, !extendFrom !190 (endState: LEGUP_F_main_BB_for_body106_34)
   %arrayidx108 = getelementptr [36 x i32]* @main.grid, i32 0, i32 %6, !dbg !202, !MSB !86, !LSB !87, !extendFrom !86 (endState: LEGUP_F_main_BB_for_body106_34)
   %7 = load i32* %arrayidx108, align 4, !dbg !202, !tbaa !91, !MSB !190, !LSB !87, !extendFrom !190 (endState: LEGUP_F_main_BB_for_body106_35)
   Transition: default: LEGUP_F_main_BB_for_body106_35
state: LEGUP_F_main_BB_for_body106_35, basic block: BB_for_body106
   %cmp109 = icmp eq i32 %5, %7, !dbg !202, !MSB !87, !LSB !87, !extendFrom !87 (endState: LEGUP_F_main_BB_for_body106_35)
   br i1 %cmp109, label %if.then110, label %for.inc113, !dbg !202, !MSB !86, !LSB !87, !extendFrom !86
   Transition: if (%cmp109): LEGUP_F_main_BB_if_then110_36 default: LEGUP_F_main_BB_for_inc113_38
state: LEGUP_F_main_BB_if_then110_36, basic block: BB_if_then110
   store i32 %6, i32* %arrayidx111, align 4, !dbg !198, !tbaa !91, !MSB !86, !LSB !87, !extendFrom !86 (endState: LEGUP_F_main_BB_if_then110_37)
   Transition: default: LEGUP_F_main_BB_if_then110_37
state: LEGUP_F_main_BB_if_then110_37, basic block: BB_if_then110
   br label %for.inc113, !dbg !206, !MSB !86, !LSB !87, !extendFrom !86
   Transition: default: LEGUP_F_main_BB_for_inc113_38
state: LEGUP_F_main_BB_for_inc113_38, basic block: BB_for_inc113
   %8 = add nsw i32 %6, 1, !dbg !207, !MSB !190, !LSB !87, !extendFrom !190 (endState: LEGUP_F_main_BB_for_inc113_38)
   %exitcond67 = icmp eq i32 %8, 36, !dbg !203, !MSB !87, !LSB !87, !extendFrom !87 (endState: LEGUP_F_main_BB_for_inc113_38)
   br i1 %exitcond67, label %for.inc116, label %for.body106, !dbg !203, !MSB !86, !LSB !87, !extendFrom !86
   Transition: if (%exitcond67): LEGUP_F_main_BB_for_inc116_39 default: LEGUP_F_main_BB_for_body106_34
state: LEGUP_F_main_BB_for_inc116_39, basic block: BB_for_inc116
   %9 = add nsw i32 %j99.0360, 1, !dbg !208, !MSB !197, !LSB !87, !extendFrom !197 (endState: LEGUP_F_main_BB_for_inc116_39)
   %exitcond69 = icmp eq i32 %9, 42, !dbg !209, !MSB !87, !LSB !87, !extendFrom !87 (endState: LEGUP_F_main_BB_for_inc116_39)
   br i1 %exitcond69, label %for.body121.preheader, label %for.cond104.preheader, !dbg !209, !MSB !86, !LSB !87, !extendFrom !86
   Transition: if (%exitcond69): LEGUP_F_main_BB_for_body121_preheader_40 default: LEGUP_F_main_BB_for_cond104_preheader_32
state: LEGUP_F_main_BB_for_body121_preheader_40, basic block: BB_for_body121_preheader
   br label %for.body121, !MSB !86, !LSB !87, !extendFrom !86
   Transition: default: LEGUP_F_main_BB_for_body121_41
state: LEGUP_F_main_BB_for_body121_41, basic block: BB_for_body121
   %i.0358 = phi i32 [ %12, %for.inc132 ], [ 0, %for.body121.preheader ], !MSB !184, !LSB !87, !extendFrom !184 (endState: LEGUP_F_main_BB_for_body121_41)
   %bit_select15 = call i30 @legup_bit_select_30_32(i32 %i.0358, i64 29, i64 0), !MSB !212, !LSB !87, !extendFrom !212 (endState: LEGUP_F_main_BB_for_body121_41)
   %bit_select13 = call i27 @legup_bit_select_27_32(i32 %i.0358, i64 26, i64 0), !MSB !213, !LSB !87, !extendFrom !213 (endState: LEGUP_F_main_BB_for_body121_41)
   %bit_concat16 = call i32 @legup_bit_concat_30_2(i30 %bit_select15, i64 30, i2 0, i64 2), !MSB !190, !LSB !87, !extendFrom !190 (endState: LEGUP_F_main_BB_for_body121_41)
   %bit_concat14 = call i32 @legup_bit_concat_27_5(i27 %bit_select13, i64 27, i5 0, i64 5), !MSB !190, !LSB !87, !extendFrom !190 (endState: LEGUP_F_main_BB_for_body121_41)
   %sr_add = add i32 %bit_concat16, %bit_concat14, !MSB !190, !LSB !87, !extendFrom !190 (endState: LEGUP_F_main_BB_for_body121_41)
   %arrayidx122 = getelementptr [36 x i32]* %indice_e, i32 0, i32 %i.0358, !dbg !214, !MSB !86, !LSB !87, !extendFrom !86 (endState: LEGUP_F_main_BB_for_body121_41)
   %arrayidx123 = getelementptr [36 x i32]* %indice_s, i32 0, i32 %i.0358, !dbg !217, !MSB !86, !LSB !87, !extendFrom !86 (endState: LEGUP_F_main_BB_for_body121_41)
   store i32 0, i32* %arrayidx122, align 4, !dbg !214, !tbaa !91, !MSB !86, !LSB !87, !extendFrom !86 (endState: LEGUP_F_main_BB_for_body121_42)
   store i32 0, i32* %arrayidx123, align 4, !dbg !217, !tbaa !91, !MSB !86, !LSB !87, !extendFrom !86 (endState: LEGUP_F_main_BB_for_body121_42)
   Transition: default: LEGUP_F_main_BB_for_body121_42
state: LEGUP_F_main_BB_for_body121_42, basic block: BB_for_body121
   br label %for.body126, !dbg !218, !MSB !86, !LSB !87, !extendFrom !86
   Transition: default: LEGUP_F_main_BB_for_body126_43
state: LEGUP_F_main_BB_for_body126_43, basic block: BB_for_body126
   %j.0357 = phi i32 [ 0, %for.body121 ], [ %11, %for.body126 ], !MSB !190, !LSB !87, !extendFrom !190 (endState: LEGUP_F_main_BB_for_body126_43)
   %10 = add i32 %sr_add, %j.0357, !MSB !190, !LSB !87, !extendFrom !190 (endState: LEGUP_F_main_BB_for_body126_43)
   %11 = add nsw i32 %j.0357, 1, !dbg !224, !MSB !190, !LSB !87, !extendFrom !190 (endState: LEGUP_F_main_BB_for_body126_43)
   %exitcond61 = icmp eq i32 %11, 36, !dbg !218, !MSB !87, !LSB !87, !extendFrom !87 (endState: LEGUP_F_main_BB_for_body126_43)
   Transition: default: LEGUP_F_main_BB_for_body126_44
state: LEGUP_F_main_BB_for_body126_44, basic block: BB_for_body126
   %scevgep43 = getelementptr [1296 x i32]* %m1, i32 0, i32 %10, !dbg !222, !MSB !86, !LSB !87, !extendFrom !86 (endState: LEGUP_F_main_BB_for_body126_44)
   store i32 0, i32* %scevgep43, align 4, !dbg !222, !tbaa !91, !MSB !86, !LSB !87, !extendFrom !86 (endState: LEGUP_F_main_BB_for_body126_45)
   Transition: default: LEGUP_F_main_BB_for_body126_45
state: LEGUP_F_main_BB_for_body126_45, basic block: BB_for_body126
   br i1 %exitcond61, label %for.inc132, label %for.body126, !dbg !218, !MSB !86, !LSB !87, !extendFrom !86
   Transition: if (%exitcond61): LEGUP_F_main_BB_for_inc132_46 default: LEGUP_F_main_BB_for_body126_43
state: LEGUP_F_main_BB_for_inc132_46, basic block: BB_for_inc132
   %12 = add nsw i32 %i.0358, 1, !dbg !225, !MSB !197, !LSB !87, !extendFrom !197 (endState: LEGUP_F_main_BB_for_inc132_46)
   %exitcond63 = icmp eq i32 %12, 36, !dbg !226, !MSB !87, !LSB !87, !extendFrom !87 (endState: LEGUP_F_main_BB_for_inc132_46)
   br i1 %exitcond63, label %for.cond138.preheader.preheader, label %for.body121, !dbg !226, !MSB !86, !LSB !87, !extendFrom !86
   Transition: if (%exitcond63): LEGUP_F_main_BB_for_cond138_preheader_preheader_47 default: LEGUP_F_main_BB_for_body121_41
state: LEGUP_F_main_BB_for_cond138_preheader_preheader_47, basic block: BB_for_cond138_preheader_preheader
   br label %for.cond138.preheader, !MSB !86, !LSB !87, !extendFrom !86
   Transition: default: LEGUP_F_main_BB_for_cond138_preheader_48
state: LEGUP_F_main_BB_for_cond138_preheader_48, basic block: BB_for_cond138_preheader
   %13 = phi i32 [ %23, %for.inc212 ], [ 0, %for.cond138.preheader.preheader ], !dbg !229, !MSB !235, !LSB !87, !extendFrom !235 (endState: LEGUP_F_main_BB_for_cond138_preheader_48)
   %bit_select9 = call i27 @legup_bit_select_27_32(i32 %13, i64 26, i64 0), !MSB !213, !LSB !87, !extendFrom !213 (endState: LEGUP_F_main_BB_for_cond138_preheader_48)
   %bit_select7 = call i26 @legup_bit_select_26_32(i32 %13, i64 25, i64 0), !MSB !236, !LSB !87, !extendFrom !236 (endState: LEGUP_F_main_BB_for_cond138_preheader_48)
   %bit_select5 = call i25 @legup_bit_select_25_32(i32 %13, i64 24, i64 0), !MSB !237, !LSB !87, !extendFrom !237 (endState: LEGUP_F_main_BB_for_cond138_preheader_48)
   %sr_negate = sub i32 0, %13, !MSB !190, !LSB !87, !extendFrom !238 (endState: LEGUP_F_main_BB_for_cond138_preheader_48)
   %bit_select11 = call i31 @legup_bit_select_31_32(i32 %sr_negate, i64 30, i64 0), !MSB !239, !LSB !87, !extendFrom !239 (endState: LEGUP_F_main_BB_for_cond138_preheader_48)
   %bit_concat12 = call i32 @legup_bit_concat_31_1(i31 %bit_select11, i64 31, i1 false, i64 1), !MSB !190, !LSB !87, !extendFrom !190 (endState: LEGUP_F_main_BB_for_cond138_preheader_48)
   %bit_concat10 = call i32 @legup_bit_concat_27_5(i27 %bit_select9, i64 27, i5 0, i64 5), !MSB !190, !LSB !87, !extendFrom !190 (endState: LEGUP_F_main_BB_for_cond138_preheader_48)
   %bit_concat8 = call i32 @legup_bit_concat_26_6(i26 %bit_select7, i64 26, i6 0, i64 6), !MSB !190, !LSB !87, !extendFrom !190 (endState: LEGUP_F_main_BB_for_cond138_preheader_48)
   %bit_concat6 = call i32 @legup_bit_concat_25_7(i25 %bit_select5, i64 25, i7 0, i64 7), !MSB !190, !LSB !87, !extendFrom !190 (endState: LEGUP_F_main_BB_for_cond138_preheader_48)
   %sr_add82 = add i32 %bit_concat12, %bit_concat10, !MSB !190, !LSB !87, !extendFrom !190 (endState: LEGUP_F_main_BB_for_cond138_preheader_48)
   %sr_add83 = add i32 %bit_concat8, %bit_concat6, !MSB !190, !LSB !87, !extendFrom !190 (endState: LEGUP_F_main_BB_for_cond138_preheader_48)
   %cmp141 = icmp slt i32 %13, 5, !dbg !229, !MSB !87, !LSB !87, !extendFrom !87 (endState: LEGUP_F_main_BB_for_cond138_preheader_48)
   Transition: default: LEGUP_F_main_BB_for_cond138_preheader_49
state: LEGUP_F_main_BB_for_cond138_preheader_49, basic block: BB_for_cond138_preheader
   %sr_add84 = add i32 %sr_add82, %sr_add83, !MSB !190, !LSB !87, !extendFrom !190 (endState: LEGUP_F_main_BB_for_cond138_preheader_49)
   %bit_select3 = call i31 @legup_bit_select_31_32(i32 %sr_add84, i64 31, i64 1), !MSB !239, !LSB !87, !extendFrom !239 (endState: LEGUP_F_main_BB_for_cond138_preheader_49)
   %14 = add i32 %sr_add84, 36, !MSB !190, !LSB !87, !extendFrom !190 (endState: LEGUP_F_main_BB_for_cond138_preheader_49)
   %15 = add i32 %sr_add84, 73, !MSB !190, !LSB !87, !extendFrom !190 (endState: LEGUP_F_main_BB_for_cond138_preheader_49)
   %16 = add i32 %sr_add84, 149, !MSB !190, !LSB !87, !extendFrom !190 (endState: LEGUP_F_main_BB_for_cond138_preheader_49)
   %17 = add i32 %sr_add84, 184, !MSB !190, !LSB !87, !extendFrom !190 (endState: LEGUP_F_main_BB_for_cond138_preheader_49)
   %18 = add i32 %sr_add84, 112, !MSB !190, !LSB !87, !extendFrom !190 (endState: LEGUP_F_main_BB_for_cond138_preheader_49)
   %19 = add i32 %sr_add84, 147, !MSB !190, !LSB !87, !extendFrom !190 (endState: LEGUP_F_main_BB_for_cond138_preheader_49)
   %20 = add i32 %sr_add84, 75, !MSB !190, !LSB !87, !extendFrom !190 (endState: LEGUP_F_main_BB_for_cond138_preheader_49)
   %21 = add i32 %sr_add84, 110, !MSB !190, !LSB !87, !extendFrom !190 (endState: LEGUP_F_main_BB_for_cond138_preheader_49)
   %22 = add i32 %sr_add84, 38, !MSB !190, !LSB !87, !extendFrom !190 (endState: LEGUP_F_main_BB_for_cond138_preheader_49)
   %bit_concat4 = call i32 @legup_bit_concat_31_1(i31 %bit_select3, i64 31, i1 true, i64 1), !MSB !190, !LSB !87, !extendFrom !190 (endState: LEGUP_F_main_BB_for_cond138_preheader_49)
   Transition: default: LEGUP_F_main_BB_for_cond138_preheader_50
state: LEGUP_F_main_BB_for_cond138_preheader_50, basic block: BB_for_cond138_preheader
   %scevgep41 = getelementptr [1296 x i32]* %m1, i32 0, i32 %14, !dbg !240, !MSB !86, !LSB !87, !extendFrom !86 (endState: LEGUP_F_main_BB_for_cond138_preheader_50)
   %scevgep39 = getelementptr [1296 x i32]* %m1, i32 0, i32 %15, !dbg !242, !MSB !86, !LSB !87, !extendFrom !86 (endState: LEGUP_F_main_BB_for_cond138_preheader_50)
   %scevgep37 = getelementptr [1296 x i32]* %m1, i32 0, i32 %16, !dbg !246, !MSB !86, !LSB !87, !extendFrom !86 (endState: LEGUP_F_main_BB_for_cond138_preheader_50)
   %scevgep36 = getelementptr [1296 x i32]* %m1, i32 0, i32 %17, !dbg !242, !MSB !86, !LSB !87, !extendFrom !86 (endState: LEGUP_F_main_BB_for_cond138_preheader_50)
   %scevgep35 = getelementptr [1296 x i32]* %m1, i32 0, i32 %18, !dbg !246, !MSB !86, !LSB !87, !extendFrom !86 (endState: LEGUP_F_main_BB_for_cond138_preheader_50)
   %scevgep34 = getelementptr [1296 x i32]* %m1, i32 0, i32 %19, !dbg !242, !MSB !86, !LSB !87, !extendFrom !86 (endState: LEGUP_F_main_BB_for_cond138_preheader_50)
   %scevgep33 = getelementptr [1296 x i32]* %m1, i32 0, i32 %20, !dbg !246, !MSB !86, !LSB !87, !extendFrom !86 (endState: LEGUP_F_main_BB_for_cond138_preheader_50)
   %scevgep32 = getelementptr [1296 x i32]* %m1, i32 0, i32 %21, !dbg !242, !MSB !86, !LSB !87, !extendFrom !86 (endState: LEGUP_F_main_BB_for_cond138_preheader_50)
   %scevgep31 = getelementptr [1296 x i32]* %m1, i32 0, i32 %22, !dbg !246, !MSB !86, !LSB !87, !extendFrom !86 (endState: LEGUP_F_main_BB_for_cond138_preheader_50)
   %scevgep40 = getelementptr [1296 x i32]* %m1, i32 0, i32 %bit_concat4, !dbg !247, !MSB !86, !LSB !87, !extendFrom !86 (endState: LEGUP_F_main_BB_for_cond138_preheader_50)
   store i32 1, i32* %scevgep40, align 4, !dbg !247, !tbaa !91, !MSB !86, !LSB !87, !extendFrom !86 (endState: LEGUP_F_main_BB_for_cond138_preheader_51)
   Transition: default: LEGUP_F_main_BB_for_cond138_preheader_51
state: LEGUP_F_main_BB_for_cond138_preheader_51, basic block: BB_for_cond138_preheader
   store i32 1, i32* %scevgep41, align 4, !dbg !240, !tbaa !91, !MSB !86, !LSB !87, !extendFrom !86 (endState: LEGUP_F_main_BB_for_cond138_preheader_52)
   Transition: default: LEGUP_F_main_BB_for_cond138_preheader_52
state: LEGUP_F_main_BB_for_cond138_preheader_52, basic block: BB_for_cond138_preheader
   br i1 %cmp141, label %for.inc209.us.5, label %for.inc209.5, !MSB !86, !LSB !87, !extendFrom !86
   Transition: if (%cmp141): LEGUP_F_main_BB_for_inc209_us_5_97 default: LEGUP_F_main_BB_for_inc209_5_92
state: LEGUP_F_main_BB_for_inc212_53, basic block: BB_for_inc212
   %23 = add nsw i32 %13, 1, !dbg !248, !MSB !238, !LSB !87, !extendFrom !238 (endState: LEGUP_F_main_BB_for_inc212_53)
   %exitcond15 = icmp eq i32 %23, 6, !dbg !249, !MSB !87, !LSB !87, !extendFrom !87 (endState: LEGUP_F_main_BB_for_inc212_53)
   br i1 %exitcond15, label %for.body218.preheader, label %for.cond138.preheader, !dbg !249, !MSB !86, !LSB !87, !extendFrom !86
   Transition: if (%exitcond15): LEGUP_F_main_BB_for_body218_preheader_54 default: LEGUP_F_main_BB_for_cond138_preheader_48
state: LEGUP_F_main_BB_for_body218_preheader_54, basic block: BB_for_body218_preheader
   br label %for.body218, !dbg !252, !MSB !86, !LSB !87, !extendFrom !86
   Transition: default: LEGUP_F_main_BB_for_body218_55
state: LEGUP_F_main_BB_for_body218_55, basic block: BB_for_body218
   %i.2353 = phi i32 [ %inc259, %for.inc258 ], [ 0, %for.body218.preheader ], !MSB !184, !LSB !87, !extendFrom !184 (endState: LEGUP_F_main_BB_for_body218_55)
   %arrayidx219 = getelementptr [42 x i32]* %vla85341, i32 0, i32 %i.2353, !dbg !255, !MSB !86, !LSB !87, !extendFrom !86 (endState: LEGUP_F_main_BB_for_body218_55)
   %arrayidx220 = getelementptr [42 x i32]* %vla86342, i32 0, i32 %i.2353, !dbg !256, !MSB !86, !LSB !87, !extendFrom !86 (endState: LEGUP_F_main_BB_for_body218_55)
   %inc259 = add i32 %i.2353, 1, !dbg !252, !MSB !197, !LSB !87, !extendFrom !197 (endState: LEGUP_F_main_BB_for_body218_55)
   %24 = load i32* %arrayidx219, align 4, !dbg !255, !tbaa !91, !MSB !190, !LSB !87, !extendFrom !190 (endState: LEGUP_F_main_BB_for_body218_56)
   %25 = load i32* %arrayidx220, align 4, !dbg !256, !tbaa !91, !MSB !190, !LSB !87, !extendFrom !190 (endState: LEGUP_F_main_BB_for_body218_56)
   Transition: default: LEGUP_F_main_BB_for_body218_56
state: LEGUP_F_main_BB_for_body218_56, basic block: BB_for_body218
   br label %for.body.i, !dbg !257, !MSB !86, !LSB !87, !extendFrom !86
   Transition: default: LEGUP_F_main_BB_for_body_i_57
state: LEGUP_F_main_BB_for_body_i_57, basic block: BB_for_body_i
   %i.057.i = phi i32 [ 0, %for.body218 ], [ %26, %for.body.i ], !dbg !83, !MSB !190, !LSB !87, !extendFrom !190 (endState: LEGUP_F_main_BB_for_body_i_57)
   %arrayidx1.i = getelementptr [36 x i32]* %dist.i, i32 0, i32 %i.057.i, !dbg !260, !MSB !86, !LSB !87, !extendFrom !86 (endState: LEGUP_F_main_BB_for_body_i_57)
   %arrayidx2.i = getelementptr [36 x i32]* %sptSet.i, i32 0, i32 %i.057.i, !dbg !262, !MSB !86, !LSB !87, !extendFrom !86 (endState: LEGUP_F_main_BB_for_body_i_57)
   store i32 2147483647, i32* %arrayidx1.i, align 4, !dbg !260, !tbaa !91, !MSB !86, !LSB !87, !extendFrom !86 (endState: LEGUP_F_main_BB_for_body_i_58)
   store i32 0, i32* %arrayidx2.i, align 4, !dbg !262, !tbaa !91, !MSB !86, !LSB !87, !extendFrom !86 (endState: LEGUP_F_main_BB_for_body_i_58)
   %26 = add nsw i32 %i.057.i, 1, !dbg !263, !MSB !190, !LSB !87, !extendFrom !190 (endState: LEGUP_F_main_BB_for_body_i_57)
   %exitcond2 = icmp eq i32 %26, 36, !dbg !257, !MSB !87, !LSB !87, !extendFrom !87 (endState: LEGUP_F_main_BB_for_body_i_57)
   Transition: default: LEGUP_F_main_BB_for_body_i_58
state: LEGUP_F_main_BB_for_body_i_58, basic block: BB_for_body_i
   br i1 %exitcond2, label %for.end.i, label %for.body.i, !dbg !257, !MSB !86, !LSB !87, !extendFrom !86
   Transition: if (%exitcond2): LEGUP_F_main_BB_for_end_i_59 default: LEGUP_F_main_BB_for_body_i_57
state: LEGUP_F_main_BB_for_end_i_59, basic block: BB_for_end_i
   %arrayidx.i = getelementptr inbounds [36 x i32]* %parent, i32 0, i32 %24, !dbg !264, !MSB !86, !LSB !87, !extendFrom !86 (endState: LEGUP_F_main_BB_for_end_i_59)
   store i32 -1, i32* %arrayidx.i, align 4, !dbg !264, !tbaa !91, !MSB !86, !LSB !87, !extendFrom !86 (endState: LEGUP_F_main_BB_for_end_i_60)
   %arrayidx3.i = getelementptr inbounds [36 x i32]* %dist.i, i32 0, i32 %24, !dbg !265, !MSB !86, !LSB !87, !extendFrom !86 (endState: LEGUP_F_main_BB_for_end_i_59)
   store i32 0, i32* %arrayidx3.i, align 4, !dbg !265, !tbaa !91, !MSB !86, !LSB !87, !extendFrom !86 (endState: LEGUP_F_main_BB_for_end_i_60)
   Transition: default: LEGUP_F_main_BB_for_end_i_60
state: LEGUP_F_main_BB_for_end_i_60, basic block: BB_for_end_i
   br label %for.body6.i, !dbg !266, !MSB !86, !LSB !87, !extendFrom !86
   Transition: default: LEGUP_F_main_BB_for_body6_i_61
state: LEGUP_F_main_BB_for_body6_i_61, basic block: BB_for_body6_i
   %count.056.i = phi i32 [ 0, %for.end.i ], [ %37, %for.inc31.i ], !dbg !83, !MSB !190, !LSB !87, !extendFrom !190 (endState: LEGUP_F_main_BB_for_body6_i_61)
   br label %for.body.i.i, !dbg !269, !MSB !86, !LSB !87, !extendFrom !86
   Transition: default: LEGUP_F_main_BB_for_body_i_i_62
state: LEGUP_F_main_BB_for_body_i_i_62, basic block: BB_for_body_i_i
   %27 = phi i32 [ 0, %for.body6.i ], [ %30, %for.inc.i.i ], !dbg !273, !MSB !190, !LSB !87, !extendFrom !190 (endState: LEGUP_F_main_BB_for_body_i_i_62)
   %min_index.012.i.i = phi i32 [ undef, %for.body6.i ], [ %min_index.1.i.i, %for.inc.i.i ], !dbg !272, !MSB !190, !LSB !87, !extendFrom !190 (endState: LEGUP_F_main_BB_for_body_i_i_62)
   %min.011.i.i = phi i32 [ 2147483647, %for.body6.i ], [ %min.1.i.i, %for.inc.i.i ], !dbg !272, !MSB !190, !LSB !87, !extendFrom !190 (endState: LEGUP_F_main_BB_for_body_i_i_62)
   %arrayidx.i.i = getelementptr [36 x i32]* %sptSet.i, i32 0, i32 %27, !dbg !276, !MSB !86, !LSB !87, !extendFrom !86 (endState: LEGUP_F_main_BB_for_body_i_i_62)
   %28 = load i32* %arrayidx.i.i, align 4, !dbg !276, !tbaa !91, !MSB !190, !LSB !87, !extendFrom !190 (endState: LEGUP_F_main_BB_for_body_i_i_63)
   Transition: default: LEGUP_F_main_BB_for_body_i_i_63
state: LEGUP_F_main_BB_for_body_i_i_63, basic block: BB_for_body_i_i
   %cmp1.i.i = icmp eq i32 %28, 0, !dbg !276, !MSB !87, !LSB !87, !extendFrom !87 (endState: LEGUP_F_main_BB_for_body_i_i_63)
   br i1 %cmp1.i.i, label %land.lhs.true.i.i, label %for.inc.i.i, !dbg !276, !MSB !86, !LSB !87, !extendFrom !86
   Transition: if (%cmp1.i.i): LEGUP_F_main_BB_land_lhs_true_i_i_64 default: LEGUP_F_main_BB_for_inc_i_i_66
state: LEGUP_F_main_BB_land_lhs_true_i_i_64, basic block: BB_land_lhs_true_i_i
   %arrayidx2.i.i = getelementptr [36 x i32]* %dist.i, i32 0, i32 %27, !dbg !273, !MSB !86, !LSB !87, !extendFrom !86 (endState: LEGUP_F_main_BB_land_lhs_true_i_i_64)
   %29 = load i32* %arrayidx2.i.i, align 4, !dbg !273, !tbaa !91, !MSB !190, !LSB !87, !extendFrom !190 (endState: LEGUP_F_main_BB_land_lhs_true_i_i_65)
   Transition: default: LEGUP_F_main_BB_land_lhs_true_i_i_65
state: LEGUP_F_main_BB_land_lhs_true_i_i_65, basic block: BB_land_lhs_true_i_i
   %cmp3.i.i = icmp sgt i32 %29, %min.011.i.i, !dbg !273, !MSB !87, !LSB !87, !extendFrom !87 (endState: LEGUP_F_main_BB_land_lhs_true_i_i_65)
   %min.0..i.i = select i1 %cmp3.i.i, i32 %min.011.i.i, i32 %29, !dbg !273, !MSB !190, !LSB !87, !extendFrom !190 (endState: LEGUP_F_main_BB_land_lhs_true_i_i_65)
   %min_index.0.v.0.i.i = select i1 %cmp3.i.i, i32 %min_index.012.i.i, i32 %27, !dbg !273, !MSB !190, !LSB !87, !extendFrom !190 (endState: LEGUP_F_main_BB_land_lhs_true_i_i_65)
   br label %for.inc.i.i, !dbg !273, !MSB !86, !LSB !87, !extendFrom !86
   Transition: default: LEGUP_F_main_BB_for_inc_i_i_66
state: LEGUP_F_main_BB_for_inc_i_i_66, basic block: BB_for_inc_i_i
   %min.1.i.i = phi i32 [ %min.0..i.i, %land.lhs.true.i.i ], [ %min.011.i.i, %for.body.i.i ], !dbg !272, !MSB !190, !LSB !87, !extendFrom !190 (endState: LEGUP_F_main_BB_for_inc_i_i_66)
   %min_index.1.i.i = phi i32 [ %min_index.0.v.0.i.i, %land.lhs.true.i.i ], [ %min_index.012.i.i, %for.body.i.i ], !dbg !272, !MSB !190, !LSB !87, !extendFrom !190 (endState: LEGUP_F_main_BB_for_inc_i_i_66)
   %bit_select1 = call i30 @legup_bit_select_30_32(i32 %min_index.1.i.i, i64 29, i64 0), !MSB !212, !LSB !87, !extendFrom !212 (endState: LEGUP_F_main_BB_for_inc_i_i_66)
   %bit_select = call i27 @legup_bit_select_27_32(i32 %min_index.1.i.i, i64 26, i64 0), !MSB !213, !LSB !87, !extendFrom !213 (endState: LEGUP_F_main_BB_for_inc_i_i_66)
   %30 = add nsw i32 %27, 1, !dbg !277, !MSB !190, !LSB !87, !extendFrom !190 (endState: LEGUP_F_main_BB_for_inc_i_i_66)
   %exitcond5 = icmp eq i32 %30, 36, !dbg !269, !MSB !87, !LSB !87, !extendFrom !87 (endState: LEGUP_F_main_BB_for_inc_i_i_66)
   br i1 %exitcond5, label %minDistance.exit.i, label %for.body.i.i, !dbg !269, !MSB !86, !LSB !87, !extendFrom !86
   Transition: if (%exitcond5): LEGUP_F_main_BB_minDistance_exit_i_67 default: LEGUP_F_main_BB_for_body_i_i_62
state: LEGUP_F_main_BB_minDistance_exit_i_67, basic block: BB_minDistance_exit_i
   %arrayidx8.i = getelementptr inbounds [36 x i32]* %sptSet.i, i32 0, i32 %min_index.1.i.i, !dbg !278, !MSB !86, !LSB !87, !extendFrom !86 (endState: LEGUP_F_main_BB_minDistance_exit_i_67)
   store i32 1, i32* %arrayidx8.i, align 4, !dbg !278, !tbaa !91, !MSB !86, !LSB !87, !extendFrom !86 (endState: LEGUP_F_main_BB_minDistance_exit_i_68)
   %arrayidx17.i = getelementptr inbounds [36 x i32]* %dist.i, i32 0, i32 %min_index.1.i.i, !dbg !279, !MSB !86, !LSB !87, !extendFrom !86 (endState: LEGUP_F_main_BB_minDistance_exit_i_67)
   %bit_concat2 = call i32 @legup_bit_concat_30_2(i30 %bit_select1, i64 30, i2 0, i64 2), !MSB !190, !LSB !87, !extendFrom !190 (endState: LEGUP_F_main_BB_minDistance_exit_i_67)
   %bit_concat = call i32 @legup_bit_concat_27_5(i27 %bit_select, i64 27, i5 0, i64 5), !MSB !190, !LSB !87, !extendFrom !190 (endState: LEGUP_F_main_BB_minDistance_exit_i_67)
   %sr_add87 = add i32 %bit_concat2, %bit_concat, !MSB !190, !LSB !87, !extendFrom !190 (endState: LEGUP_F_main_BB_minDistance_exit_i_67)
   Transition: default: LEGUP_F_main_BB_minDistance_exit_i_68
state: LEGUP_F_main_BB_minDistance_exit_i_68, basic block: BB_minDistance_exit_i
   br label %for.body11.i, !dbg !282, !MSB !86, !LSB !87, !extendFrom !86
   Transition: default: LEGUP_F_main_BB_for_body11_i_69
state: LEGUP_F_main_BB_for_body11_i_69, basic block: BB_for_body11_i
   %v.055.i = phi i32 [ 0, %minDistance.exit.i ], [ %36, %for.inc28.i ], !dbg !83, !MSB !190, !LSB !87, !extendFrom !190 (endState: LEGUP_F_main_BB_for_body11_i_69)
   %arrayidx12.i = getelementptr [36 x i32]* %sptSet.i, i32 0, i32 %v.055.i, !dbg !285, !MSB !86, !LSB !87, !extendFrom !86 (endState: LEGUP_F_main_BB_for_body11_i_69)
   %arrayidx20.i = getelementptr [36 x i32]* %dist.i, i32 0, i32 %v.055.i, !dbg !279, !MSB !86, !LSB !87, !extendFrom !86 (endState: LEGUP_F_main_BB_for_body11_i_69)
   %arrayidx22.i = getelementptr [36 x i32]* %parent, i32 0, i32 %v.055.i, !dbg !286, !MSB !86, !LSB !87, !extendFrom !86 (endState: LEGUP_F_main_BB_for_body11_i_69)
   %31 = load i32* %arrayidx12.i, align 4, !dbg !285, !tbaa !91, !MSB !190, !LSB !87, !extendFrom !190 (endState: LEGUP_F_main_BB_for_body11_i_70)
   Transition: default: LEGUP_F_main_BB_for_body11_i_70
state: LEGUP_F_main_BB_for_body11_i_70, basic block: BB_for_body11_i
   %tobool.i = icmp eq i32 %31, 0, !dbg !285, !MSB !87, !LSB !87, !extendFrom !87 (endState: LEGUP_F_main_BB_for_body11_i_70)
   br i1 %tobool.i, label %land.lhs.true.i, label %for.inc28.i, !dbg !285, !MSB !86, !LSB !87, !extendFrom !86
   Transition: if (%tobool.i): LEGUP_F_main_BB_land_lhs_true_i_71 default: LEGUP_F_main_BB_for_inc28_i_78
state: LEGUP_F_main_BB_land_lhs_true_i_71, basic block: BB_land_lhs_true_i
   %32 = add i32 %sr_add87, %v.055.i, !dbg !286, !MSB !190, !LSB !87, !extendFrom !190 (endState: LEGUP_F_main_BB_land_lhs_true_i_71)
   Transition: default: LEGUP_F_main_BB_land_lhs_true_i_72
state: LEGUP_F_main_BB_land_lhs_true_i_72, basic block: BB_land_lhs_true_i
   %scevgep = getelementptr [1296 x i32]* %m1, i32 0, i32 %32, !dbg !288, !MSB !86, !LSB !87, !extendFrom !86 (endState: LEGUP_F_main_BB_land_lhs_true_i_72)
   %33 = load i32* %scevgep, align 4, !dbg !288, !tbaa !91, !MSB !190, !LSB !87, !extendFrom !190 (endState: LEGUP_F_main_BB_land_lhs_true_i_73)
   Transition: default: LEGUP_F_main_BB_land_lhs_true_i_73
state: LEGUP_F_main_BB_land_lhs_true_i_73, basic block: BB_land_lhs_true_i
   %tobool15.i = icmp eq i32 %33, 0, !dbg !288, !MSB !87, !LSB !87, !extendFrom !87 (endState: LEGUP_F_main_BB_land_lhs_true_i_73)
   br i1 %tobool15.i, label %for.inc28.i, label %land.lhs.true16.i, !dbg !288, !MSB !86, !LSB !87, !extendFrom !86
   Transition: if (%tobool15.i): LEGUP_F_main_BB_for_inc28_i_78 default: LEGUP_F_main_BB_land_lhs_true16_i_74
state: LEGUP_F_main_BB_land_lhs_true16_i_74, basic block: BB_land_lhs_true16_i
   %34 = load i32* %arrayidx17.i, align 4, !dbg !279, !tbaa !91, !MSB !190, !LSB !87, !extendFrom !190 (endState: LEGUP_F_main_BB_land_lhs_true16_i_75)
   %35 = load i32* %arrayidx20.i, align 4, !dbg !279, !tbaa !91, !MSB !190, !LSB !87, !extendFrom !190 (endState: LEGUP_F_main_BB_land_lhs_true16_i_75)
   Transition: default: LEGUP_F_main_BB_land_lhs_true16_i_75
state: LEGUP_F_main_BB_land_lhs_true16_i_75, basic block: BB_land_lhs_true16_i
   %add.i = add nsw i32 %34, %33, !dbg !279, !MSB !190, !LSB !87, !extendFrom !190 (endState: LEGUP_F_main_BB_land_lhs_true16_i_75)
   %cmp21.i = icmp slt i32 %add.i, %35, !dbg !279, !MSB !87, !LSB !87, !extendFrom !87 (endState: LEGUP_F_main_BB_land_lhs_true16_i_75)
   br i1 %cmp21.i, label %if.then.i, label %for.inc28.i, !dbg !279, !MSB !86, !LSB !87, !extendFrom !86
   Transition: if (%cmp21.i): LEGUP_F_main_BB_if_then_i_76 default: LEGUP_F_main_BB_for_inc28_i_78
state: LEGUP_F_main_BB_if_then_i_76, basic block: BB_if_then_i
   store i32 %min_index.1.i.i, i32* %arrayidx22.i, align 4, !dbg !286, !tbaa !91, !MSB !86, !LSB !87, !extendFrom !86 (endState: LEGUP_F_main_BB_if_then_i_77)
   store i32 %add.i, i32* %arrayidx20.i, align 4, !dbg !290, !tbaa !91, !MSB !86, !LSB !87, !extendFrom !86 (endState: LEGUP_F_main_BB_if_then_i_77)
   Transition: default: LEGUP_F_main_BB_if_then_i_77
state: LEGUP_F_main_BB_if_then_i_77, basic block: BB_if_then_i
   br label %for.inc28.i, !dbg !291, !MSB !86, !LSB !87, !extendFrom !86
   Transition: default: LEGUP_F_main_BB_for_inc28_i_78
state: LEGUP_F_main_BB_for_inc28_i_78, basic block: BB_for_inc28_i
   %36 = add nsw i32 %v.055.i, 1, !dbg !292, !MSB !190, !LSB !87, !extendFrom !190 (endState: LEGUP_F_main_BB_for_inc28_i_78)
   %exitcond8 = icmp eq i32 %36, 36, !dbg !282, !MSB !87, !LSB !87, !extendFrom !87 (endState: LEGUP_F_main_BB_for_inc28_i_78)
   br i1 %exitcond8, label %for.inc31.i, label %for.body11.i, !dbg !282, !MSB !86, !LSB !87, !extendFrom !86
   Transition: if (%exitcond8): LEGUP_F_main_BB_for_inc31_i_79 default: LEGUP_F_main_BB_for_body11_i_69
state: LEGUP_F_main_BB_for_inc31_i_79, basic block: BB_for_inc31_i
   %37 = add nsw i32 %count.056.i, 1, !dbg !293, !MSB !190, !LSB !87, !extendFrom !190 (endState: LEGUP_F_main_BB_for_inc31_i_79)
   %exitcond = icmp eq i32 %37, 35, !dbg !266, !MSB !87, !LSB !87, !extendFrom !87 (endState: LEGUP_F_main_BB_for_inc31_i_79)
   br i1 %exitcond, label %dijkstra.exit, label %for.body6.i, !dbg !266, !MSB !86, !LSB !87, !extendFrom !86
   Transition: if (%exitcond): LEGUP_F_main_BB_dijkstra_exit_80 default: LEGUP_F_main_BB_for_body6_i_61
state: LEGUP_F_main_BB_dijkstra_exit_80, basic block: BB_dijkstra_exit
   %arrayidx227349 = getelementptr inbounds [36 x i32]* %parent, i32 0, i32 %25, !dbg !294, !MSB !86, !LSB !87, !extendFrom !86 (endState: LEGUP_F_main_BB_dijkstra_exit_80)
   %38 = load i32* %arrayidx227349, align 4, !dbg !294, !tbaa !91, !MSB !190, !LSB !87, !extendFrom !190 (endState: LEGUP_F_main_BB_dijkstra_exit_81)
   Transition: default: LEGUP_F_main_BB_dijkstra_exit_81
state: LEGUP_F_main_BB_dijkstra_exit_81, basic block: BB_dijkstra_exit
   %cmp228350 = icmp eq i32 %38, -1, !dbg !296, !MSB !87, !LSB !87, !extendFrom !87 (endState: LEGUP_F_main_BB_dijkstra_exit_81)
   br i1 %cmp228350, label %for.inc258, label %if.end231.preheader, !dbg !296, !MSB !86, !LSB !87, !extendFrom !86
   Transition: if (%cmp228350): LEGUP_F_main_BB_for_inc258_88 default: LEGUP_F_main_BB_if_end231_preheader_82
state: LEGUP_F_main_BB_if_end231_preheader_82, basic block: BB_if_end231_preheader
   br label %if.end231, !dbg !298, !MSB !86, !LSB !87, !extendFrom !86
   Transition: default: LEGUP_F_main_BB_if_end231_83
state: LEGUP_F_main_BB_if_end231_83, basic block: BB_if_end231
   %39 = phi i32 [ %42, %if.then240 ], [ %38, %if.end231.preheader ], !MSB !190, !LSB !87, !extendFrom !190 (endState: LEGUP_F_main_BB_if_end231_83)
   %.origem.1352 = phi i32 [ %39, %if.then240 ], [ %25, %if.end231.preheader ], !MSB !190, !LSB !87, !extendFrom !190 (endState: LEGUP_F_main_BB_if_end231_83)
   %arrayidx232 = getelementptr inbounds [36 x i32]* %indice_s, i32 0, i32 %39, !dbg !298, !MSB !86, !LSB !87, !extendFrom !86 (endState: LEGUP_F_main_BB_if_end231_83)
   %40 = load i32* %arrayidx232, align 4, !dbg !298, !tbaa !91, !MSB !190, !LSB !87, !extendFrom !190 (endState: LEGUP_F_main_BB_if_end231_84)
   %arrayidx235 = getelementptr inbounds [36 x i32]* %indice_e, i32 0, i32 %.origem.1352, !dbg !298, !MSB !86, !LSB !87, !extendFrom !86 (endState: LEGUP_F_main_BB_if_end231_83)
   %41 = load i32* %arrayidx235, align 4, !dbg !298, !tbaa !91, !MSB !190, !LSB !87, !extendFrom !190 (endState: LEGUP_F_main_BB_if_end231_84)
   Transition: default: LEGUP_F_main_BB_if_end231_84
state: LEGUP_F_main_BB_if_end231_84, basic block: BB_if_end231
   %cmp233 = icmp slt i32 %40, 4, !dbg !298, !MSB !87, !LSB !87, !extendFrom !87 (endState: LEGUP_F_main_BB_if_end231_84)
   %cmp236 = icmp slt i32 %41, 4, !dbg !298, !MSB !87, !LSB !87, !extendFrom !87 (endState: LEGUP_F_main_BB_if_end231_84)
   %and238343 = and i1 %cmp233, %cmp236, !dbg !298, !MSB !87, !LSB !87, !extendFrom !87 (endState: LEGUP_F_main_BB_if_end231_84)
   br i1 %and238343, label %if.then240, label %for.end260.loopexit, !dbg !298, !MSB !86, !LSB !87, !extendFrom !86
   Transition: if (%and238343): LEGUP_F_main_BB_if_then240_85 default: LEGUP_F_main_BB_for_end260_loopexit_89
state: LEGUP_F_main_BB_if_then240_85, basic block: BB_if_then240
   %add248 = add nsw i32 %41, 1, !dbg !300, !MSB !190, !LSB !87, !extendFrom !190 (endState: LEGUP_F_main_BB_if_then240_85)
   store i32 %add248, i32* %arrayidx235, align 4, !dbg !300, !tbaa !91, !MSB !86, !LSB !87, !extendFrom !86 (endState: LEGUP_F_main_BB_if_then240_86)
   %add250 = add nsw i32 %40, 1, !dbg !302, !MSB !190, !LSB !87, !extendFrom !190 (endState: LEGUP_F_main_BB_if_then240_85)
   store i32 %add250, i32* %arrayidx232, align 4, !dbg !302, !tbaa !91, !MSB !86, !LSB !87, !extendFrom !86 (endState: LEGUP_F_main_BB_if_then240_86)
   %arrayidx227 = getelementptr inbounds [36 x i32]* %parent, i32 0, i32 %39, !dbg !294, !MSB !86, !LSB !87, !extendFrom !86 (endState: LEGUP_F_main_BB_if_then240_85)
   %42 = load i32* %arrayidx227, align 4, !dbg !294, !tbaa !91, !MSB !190, !LSB !87, !extendFrom !190 (endState: LEGUP_F_main_BB_if_then240_86)
   Transition: default: LEGUP_F_main_BB_if_then240_86
state: LEGUP_F_main_BB_if_then240_86, basic block: BB_if_then240
   %cmp228 = icmp eq i32 %42, -1, !dbg !296, !MSB !87, !LSB !87, !extendFrom !87 (endState: LEGUP_F_main_BB_if_then240_86)
   br i1 %cmp228, label %for.inc258.loopexit, label %if.end231, !dbg !296, !MSB !86, !LSB !87, !extendFrom !86
   Transition: if (%cmp228): LEGUP_F_main_BB_for_inc258_loopexit_87 default: LEGUP_F_main_BB_if_end231_83
state: LEGUP_F_main_BB_for_inc258_loopexit_87, basic block: BB_for_inc258_loopexit
   br label %for.inc258, !MSB !86, !LSB !87, !extendFrom !86
   Transition: default: LEGUP_F_main_BB_for_inc258_88
state: LEGUP_F_main_BB_for_inc258_88, basic block: BB_for_inc258
   %cmp216 = icmp slt i32 %inc259, 42, !dbg !252, !MSB !87, !LSB !87, !extendFrom !87 (endState: LEGUP_F_main_BB_for_inc258_88)
   br i1 %cmp216, label %for.body218, label %for.end260.loopexit1, !dbg !252, !MSB !86, !LSB !87, !extendFrom !86
   Transition: if (%cmp216): LEGUP_F_main_BB_for_body218_55 default: LEGUP_F_main_BB_for_end260_loopexit1_90
state: LEGUP_F_main_BB_for_end260_loopexit_89, basic block: BB_for_end260_loopexit
   br label %for.end260, !MSB !86, !LSB !87, !extendFrom !86
   Transition: default: LEGUP_F_main_BB_for_end260_91
state: LEGUP_F_main_BB_for_end260_loopexit1_90, basic block: BB_for_end260_loopexit1
   br label %for.end260, !MSB !86, !LSB !87, !extendFrom !86
   Transition: default: LEGUP_F_main_BB_for_end260_91
state: LEGUP_F_main_BB_for_end260_91, basic block: BB_for_end260
   ret i32 0, !dbg !303, !MSB !86, !LSB !87, !extendFrom !86
   Transition: default: LEGUP_0
state: LEGUP_F_main_BB_for_inc209_5_92, basic block: BB_for_inc209_5
   store i32 1, i32* %scevgep31, align 4, !dbg !246, !tbaa !91, !MSB !86, !LSB !87, !extendFrom !86 (endState: LEGUP_F_main_BB_for_inc209_5_93)
   store i32 1, i32* %scevgep39, align 4, !dbg !242, !tbaa !91, !MSB !86, !LSB !87, !extendFrom !86 (endState: LEGUP_F_main_BB_for_inc209_5_93)
   Transition: default: LEGUP_F_main_BB_for_inc209_5_93
state: LEGUP_F_main_BB_for_inc209_5_93, basic block: BB_for_inc209_5
   store i32 1, i32* %scevgep33, align 4, !dbg !246, !tbaa !91, !MSB !86, !LSB !87, !extendFrom !86 (endState: LEGUP_F_main_BB_for_inc209_5_94)
   store i32 1, i32* %scevgep32, align 4, !dbg !242, !tbaa !91, !MSB !86, !LSB !87, !extendFrom !86 (endState: LEGUP_F_main_BB_for_inc209_5_94)
   Transition: default: LEGUP_F_main_BB_for_inc209_5_94
state: LEGUP_F_main_BB_for_inc209_5_94, basic block: BB_for_inc209_5
   store i32 1, i32* %scevgep35, align 4, !dbg !246, !tbaa !91, !MSB !86, !LSB !87, !extendFrom !86 (endState: LEGUP_F_main_BB_for_inc209_5_95)
   store i32 1, i32* %scevgep34, align 4, !dbg !242, !tbaa !91, !MSB !86, !LSB !87, !extendFrom !86 (endState: LEGUP_F_main_BB_for_inc209_5_95)
   Transition: default: LEGUP_F_main_BB_for_inc209_5_95
state: LEGUP_F_main_BB_for_inc209_5_95, basic block: BB_for_inc209_5
   store i32 1, i32* %scevgep37, align 4, !dbg !246, !tbaa !91, !MSB !86, !LSB !87, !extendFrom !86 (endState: LEGUP_F_main_BB_for_inc209_5_96)
   store i32 1, i32* %scevgep36, align 4, !dbg !242, !tbaa !91, !MSB !86, !LSB !87, !extendFrom !86 (endState: LEGUP_F_main_BB_for_inc209_5_96)
   Transition: default: LEGUP_F_main_BB_for_inc209_5_96
state: LEGUP_F_main_BB_for_inc209_5_96, basic block: BB_for_inc209_5
   br label %for.inc212, !MSB !86, !LSB !87, !extendFrom !86
   Transition: default: LEGUP_F_main_BB_for_inc212_53
state: LEGUP_F_main_BB_for_inc209_us_5_97, basic block: BB_for_inc209_us_5
   %43 = add i32 %sr_add84, 253, !MSB !190, !LSB !87, !extendFrom !190 (endState: LEGUP_F_main_BB_for_inc209_us_5_97)
   %44 = add i32 %sr_add84, 401, !MSB !190, !LSB !87, !extendFrom !190 (endState: LEGUP_F_main_BB_for_inc209_us_5_97)
   %45 = add i32 %sr_add84, 191, !MSB !190, !LSB !87, !extendFrom !190 (endState: LEGUP_F_main_BB_for_inc209_us_5_97)
   %46 = add i32 %sr_add84, 364, !MSB !190, !LSB !87, !extendFrom !190 (endState: LEGUP_F_main_BB_for_inc209_us_5_97)
   %47 = add i32 %sr_add84, 154, !MSB !190, !LSB !87, !extendFrom !190 (endState: LEGUP_F_main_BB_for_inc209_us_5_97)
   %48 = add i32 %sr_add84, 327, !MSB !190, !LSB !87, !extendFrom !190 (endState: LEGUP_F_main_BB_for_inc209_us_5_97)
   %49 = add i32 %sr_add84, 117, !MSB !190, !LSB !87, !extendFrom !190 (endState: LEGUP_F_main_BB_for_inc209_us_5_97)
   %50 = add i32 %sr_add84, 290, !MSB !190, !LSB !87, !extendFrom !190 (endState: LEGUP_F_main_BB_for_inc209_us_5_97)
   %51 = add i32 %sr_add84, 80, !MSB !190, !LSB !87, !extendFrom !190 (endState: LEGUP_F_main_BB_for_inc209_us_5_97)
   %52 = add i32 %sr_add84, 43, !MSB !190, !LSB !87, !extendFrom !190 (endState: LEGUP_F_main_BB_for_inc209_us_5_97)
   %53 = add i32 %sr_add84, 216, !MSB !190, !LSB !87, !extendFrom !190 (endState: LEGUP_F_main_BB_for_inc209_us_5_97)
   %54 = add i32 %sr_add84, 6, !MSB !190, !LSB !87, !extendFrom !190 (endState: LEGUP_F_main_BB_for_inc209_us_5_97)
   store i32 1, i32* %scevgep31, align 4, !dbg !247, !tbaa !91, !MSB !86, !LSB !87, !extendFrom !86 (endState: LEGUP_F_main_BB_for_inc209_us_5_98)
   store i32 1, i32* %scevgep39, align 4, !dbg !240, !tbaa !91, !MSB !86, !LSB !87, !extendFrom !86 (endState: LEGUP_F_main_BB_for_inc209_us_5_98)
   Transition: default: LEGUP_F_main_BB_for_inc209_us_5_98
state: LEGUP_F_main_BB_for_inc209_us_5_98, basic block: BB_for_inc209_us_5
   %scevgep38 = getelementptr [1296 x i32]* %m1, i32 0, i32 %43, !dbg !304, !MSB !86, !LSB !87, !extendFrom !86 (endState: LEGUP_F_main_BB_for_inc209_us_5_98)
   %scevgep30 = getelementptr [1296 x i32]* %m1, i32 0, i32 %44, !dbg !305, !MSB !86, !LSB !87, !extendFrom !86 (endState: LEGUP_F_main_BB_for_inc209_us_5_98)
   %scevgep29 = getelementptr [1296 x i32]* %m1, i32 0, i32 %45, !dbg !307, !MSB !86, !LSB !87, !extendFrom !86 (endState: LEGUP_F_main_BB_for_inc209_us_5_98)
   %scevgep28 = getelementptr [1296 x i32]* %m1, i32 0, i32 %46, !dbg !304, !MSB !86, !LSB !87, !extendFrom !86 (endState: LEGUP_F_main_BB_for_inc209_us_5_98)
   %scevgep27 = getelementptr [1296 x i32]* %m1, i32 0, i32 %47, !dbg !308, !MSB !86, !LSB !87, !extendFrom !86 (endState: LEGUP_F_main_BB_for_inc209_us_5_98)
   %scevgep26 = getelementptr [1296 x i32]* %m1, i32 0, i32 %48, !dbg !304, !MSB !86, !LSB !87, !extendFrom !86 (endState: LEGUP_F_main_BB_for_inc209_us_5_98)
   %scevgep25 = getelementptr [1296 x i32]* %m1, i32 0, i32 %49, !dbg !308, !MSB !86, !LSB !87, !extendFrom !86 (endState: LEGUP_F_main_BB_for_inc209_us_5_98)
   %scevgep24 = getelementptr [1296 x i32]* %m1, i32 0, i32 %50, !dbg !304, !MSB !86, !LSB !87, !extendFrom !86 (endState: LEGUP_F_main_BB_for_inc209_us_5_98)
   %scevgep23 = getelementptr [1296 x i32]* %m1, i32 0, i32 %51, !dbg !308, !MSB !86, !LSB !87, !extendFrom !86 (endState: LEGUP_F_main_BB_for_inc209_us_5_98)
   %scevgep22 = getelementptr [1296 x i32]* %m1, i32 0, i32 %52, !dbg !308, !MSB !86, !LSB !87, !extendFrom !86 (endState: LEGUP_F_main_BB_for_inc209_us_5_98)
   %scevgep21 = getelementptr [1296 x i32]* %m1, i32 0, i32 %53, !dbg !304, !MSB !86, !LSB !87, !extendFrom !86 (endState: LEGUP_F_main_BB_for_inc209_us_5_98)
   %scevgep20 = getelementptr [1296 x i32]* %m1, i32 0, i32 %54, !dbg !308, !MSB !86, !LSB !87, !extendFrom !86 (endState: LEGUP_F_main_BB_for_inc209_us_5_98)
   store i32 1, i32* %scevgep33, align 4, !dbg !247, !tbaa !91, !MSB !86, !LSB !87, !extendFrom !86 (endState: LEGUP_F_main_BB_for_inc209_us_5_99)
   store i32 1, i32* %scevgep32, align 4, !dbg !240, !tbaa !91, !MSB !86, !LSB !87, !extendFrom !86 (endState: LEGUP_F_main_BB_for_inc209_us_5_99)
   Transition: default: LEGUP_F_main_BB_for_inc209_us_5_99
state: LEGUP_F_main_BB_for_inc209_us_5_99, basic block: BB_for_inc209_us_5
   store i32 1, i32* %scevgep35, align 4, !dbg !247, !tbaa !91, !MSB !86, !LSB !87, !extendFrom !86 (endState: LEGUP_F_main_BB_for_inc209_us_5_100)
   store i32 1, i32* %scevgep34, align 4, !dbg !240, !tbaa !91, !MSB !86, !LSB !87, !extendFrom !86 (endState: LEGUP_F_main_BB_for_inc209_us_5_100)
   Transition: default: LEGUP_F_main_BB_for_inc209_us_5_100
state: LEGUP_F_main_BB_for_inc209_us_5_100, basic block: BB_for_inc209_us_5
   store i32 1, i32* %scevgep37, align 4, !dbg !247, !tbaa !91, !MSB !86, !LSB !87, !extendFrom !86 (endState: LEGUP_F_main_BB_for_inc209_us_5_101)
   store i32 1, i32* %scevgep36, align 4, !dbg !240, !tbaa !91, !MSB !86, !LSB !87, !extendFrom !86 (endState: LEGUP_F_main_BB_for_inc209_us_5_101)
   Transition: default: LEGUP_F_main_BB_for_inc209_us_5_101
state: LEGUP_F_main_BB_for_inc209_us_5_101, basic block: BB_for_inc209_us_5
   store i32 1, i32* %scevgep20, align 4, !dbg !308, !tbaa !91, !MSB !86, !LSB !87, !extendFrom !86 (endState: LEGUP_F_main_BB_for_inc209_us_5_102)
   store i32 1, i32* %scevgep21, align 4, !dbg !304, !tbaa !91, !MSB !86, !LSB !87, !extendFrom !86 (endState: LEGUP_F_main_BB_for_inc209_us_5_102)
   Transition: default: LEGUP_F_main_BB_for_inc209_us_5_102
state: LEGUP_F_main_BB_for_inc209_us_5_102, basic block: BB_for_inc209_us_5
   store i32 1, i32* %scevgep22, align 4, !dbg !308, !tbaa !91, !MSB !86, !LSB !87, !extendFrom !86 (endState: LEGUP_F_main_BB_for_inc209_us_5_103)
   store i32 1, i32* %scevgep38, align 4, !dbg !304, !tbaa !91, !MSB !86, !LSB !87, !extendFrom !86 (endState: LEGUP_F_main_BB_for_inc209_us_5_103)
   Transition: default: LEGUP_F_main_BB_for_inc209_us_5_103
state: LEGUP_F_main_BB_for_inc209_us_5_103, basic block: BB_for_inc209_us_5
   store i32 1, i32* %scevgep23, align 4, !dbg !308, !tbaa !91, !MSB !86, !LSB !87, !extendFrom !86 (endState: LEGUP_F_main_BB_for_inc209_us_5_104)
   store i32 1, i32* %scevgep24, align 4, !dbg !304, !tbaa !91, !MSB !86, !LSB !87, !extendFrom !86 (endState: LEGUP_F_main_BB_for_inc209_us_5_104)
   Transition: default: LEGUP_F_main_BB_for_inc209_us_5_104
state: LEGUP_F_main_BB_for_inc209_us_5_104, basic block: BB_for_inc209_us_5
   store i32 1, i32* %scevgep25, align 4, !dbg !308, !tbaa !91, !MSB !86, !LSB !87, !extendFrom !86 (endState: LEGUP_F_main_BB_for_inc209_us_5_105)
   store i32 1, i32* %scevgep26, align 4, !dbg !304, !tbaa !91, !MSB !86, !LSB !87, !extendFrom !86 (endState: LEGUP_F_main_BB_for_inc209_us_5_105)
   Transition: default: LEGUP_F_main_BB_for_inc209_us_5_105
state: LEGUP_F_main_BB_for_inc209_us_5_105, basic block: BB_for_inc209_us_5
   store i32 1, i32* %scevgep27, align 4, !dbg !308, !tbaa !91, !MSB !86, !LSB !87, !extendFrom !86 (endState: LEGUP_F_main_BB_for_inc209_us_5_106)
   store i32 1, i32* %scevgep28, align 4, !dbg !304, !tbaa !91, !MSB !86, !LSB !87, !extendFrom !86 (endState: LEGUP_F_main_BB_for_inc209_us_5_106)
   Transition: default: LEGUP_F_main_BB_for_inc209_us_5_106
state: LEGUP_F_main_BB_for_inc209_us_5_106, basic block: BB_for_inc209_us_5
   store i32 1, i32* %scevgep29, align 4, !dbg !307, !tbaa !91, !MSB !86, !LSB !87, !extendFrom !86 (endState: LEGUP_F_main_BB_for_inc209_us_5_107)
   store i32 1, i32* %scevgep30, align 4, !dbg !305, !tbaa !91, !MSB !86, !LSB !87, !extendFrom !86 (endState: LEGUP_F_main_BB_for_inc209_us_5_107)
   Transition: default: LEGUP_F_main_BB_for_inc209_us_5_107
state: LEGUP_F_main_BB_for_inc209_us_5_107, basic block: BB_for_inc209_us_5
   br label %for.inc212, !MSB !86, !LSB !87, !extendFrom !86
   Transition: default: LEGUP_F_main_BB_for_inc212_53

Basic Block: %for.body91 Num States: 2
Basic Block: %if.then Num States: 2
Basic Block: %entry Num States: 22
Basic Block: %for.cond89.preheader Num States: 2
Basic Block: %for.inc Num States: 1
Basic Block: %for.inc96 Num States: 1
Basic Block: %for.cond104.preheader.preheader Num States: 1
Basic Block: %for.cond104.preheader Num States: 2
Basic Block: %for.body106 Num States: 2
Basic Block: %if.then110 Num States: 2
Basic Block: %for.inc113 Num States: 1
Basic Block: %for.inc116 Num States: 1
Basic Block: %for.body121.preheader Num States: 1
Basic Block: %for.body121 Num States: 2
Basic Block: %for.body126 Num States: 3
Basic Block: %for.inc132 Num States: 1
Basic Block: %for.cond138.preheader.preheader Num States: 1
Basic Block: %for.cond138.preheader Num States: 5
Basic Block: %for.inc212 Num States: 1
Basic Block: %for.body218.preheader Num States: 1
Basic Block: %for.body218 Num States: 2
Basic Block: %for.body.i Num States: 2
Basic Block: %for.end.i Num States: 2
Basic Block: %for.body6.i Num States: 1
Basic Block: %for.body.i.i Num States: 2
Basic Block: %land.lhs.true.i.i Num States: 2
Basic Block: %for.inc.i.i Num States: 1
Basic Block: %minDistance.exit.i Num States: 2
Basic Block: %for.body11.i Num States: 2
Basic Block: %land.lhs.true.i Num States: 3
Basic Block: %land.lhs.true16.i Num States: 2
Basic Block: %if.then.i Num States: 2
Basic Block: %for.inc28.i Num States: 1
Basic Block: %for.inc31.i Num States: 1
Basic Block: %dijkstra.exit Num States: 2
Basic Block: %if.end231.preheader Num States: 1
Basic Block: %if.end231 Num States: 2
Basic Block: %if.then240 Num States: 2
Basic Block: %for.inc258.loopexit Num States: 1
Basic Block: %for.inc258 Num States: 1
Basic Block: %for.end260.loopexit Num States: 1
Basic Block: %for.end260.loopexit1 Num States: 1
Basic Block: %for.end260 Num States: 1
Basic Block: %for.inc209.5 Num States: 5
Basic Block: %for.inc209.us.5 Num States: 11
End Function: main
--------------------------------------------------------------------------------

