------------------------------------------------------------
TimeQuest Timing Analyzer Summary
------------------------------------------------------------

Type  : Slow 900mV 100C Model Setup 'clk'
Slack : -0.079
TNS   : -0.307

Type  : Slow 900mV 100C Model Hold 'clk'
Slack : 0.054
TNS   : 0.000

Type  : Slow 900mV 100C Model Minimum Pulse Width 'clk'
Slack : 2.072
TNS   : 0.000

Type  : Slow 900mV 0C Model Setup 'clk'
Slack : -0.333
TNS   : -3.951

Type  : Slow 900mV 0C Model Hold 'clk'
Slack : 0.048
TNS   : 0.000

Type  : Slow 900mV 0C Model Minimum Pulse Width 'clk'
Slack : 2.089
TNS   : 0.000

Type  : Fast 900mV 100C Model Setup 'clk'
Slack : 1.612
TNS   : 0.000

Type  : Fast 900mV 100C Model Hold 'clk'
Slack : 0.018
TNS   : 0.000

Type  : Fast 900mV 100C Model Minimum Pulse Width 'clk'
Slack : 2.163
TNS   : 0.000

Type  : Fast 900mV 0C Model Setup 'clk'
Slack : 2.161
TNS   : 0.000

Type  : Fast 900mV 0C Model Hold 'clk'
Slack : 0.020
TNS   : 0.000

Type  : Fast 900mV 0C Model Minimum Pulse Width 'clk'
Slack : 2.187
TNS   : 0.000

------------------------------------------------------------
