------------------------------------------------------------
TimeQuest Timing Analyzer Summary
------------------------------------------------------------

Type  : Slow 900mV 100C Model Setup 'clk'
Slack : -0.002
TNS   : -0.002

Type  : Slow 900mV 100C Model Hold 'clk'
Slack : 0.076
TNS   : 0.000

Type  : Slow 900mV 100C Model Minimum Pulse Width 'clk'
Slack : 2.087
TNS   : 0.000

Type  : Slow 900mV 0C Model Setup 'clk'
Slack : -0.061
TNS   : -0.109

Type  : Slow 900mV 0C Model Hold 'clk'
Slack : 0.070
TNS   : 0.000

Type  : Slow 900mV 0C Model Minimum Pulse Width 'clk'
Slack : 2.081
TNS   : 0.000

Type  : Fast 900mV 100C Model Setup 'clk'
Slack : 2.046
TNS   : 0.000

Type  : Fast 900mV 100C Model Hold 'clk'
Slack : 0.020
TNS   : 0.000

Type  : Fast 900mV 100C Model Minimum Pulse Width 'clk'
Slack : 2.162
TNS   : 0.000

Type  : Fast 900mV 0C Model Setup 'clk'
Slack : 2.521
TNS   : 0.000

Type  : Fast 900mV 0C Model Hold 'clk'
Slack : 0.020
TNS   : 0.000

Type  : Fast 900mV 0C Model Minimum Pulse Width 'clk'
Slack : 2.188
TNS   : 0.000

------------------------------------------------------------
