------------------------------------------------------------
TimeQuest Timing Analyzer Summary
------------------------------------------------------------

Type  : Slow 900mV 100C Model Setup 'clk'
Slack : 0.038
TNS   : 0.000

Type  : Slow 900mV 100C Model Hold 'clk'
Slack : 0.049
TNS   : 0.000

Type  : Slow 900mV 100C Model Minimum Pulse Width 'clk'
Slack : 2.079
TNS   : 0.000

Type  : Slow 900mV 0C Model Setup 'clk'
Slack : -0.048
TNS   : -0.048

Type  : Slow 900mV 0C Model Hold 'clk'
Slack : 0.046
TNS   : 0.000

Type  : Slow 900mV 0C Model Minimum Pulse Width 'clk'
Slack : 2.085
TNS   : 0.000

Type  : Fast 900mV 100C Model Setup 'clk'
Slack : 2.043
TNS   : 0.000

Type  : Fast 900mV 100C Model Hold 'clk'
Slack : 0.012
TNS   : 0.000

Type  : Fast 900mV 100C Model Minimum Pulse Width 'clk'
Slack : 2.159
TNS   : 0.000

Type  : Fast 900mV 0C Model Setup 'clk'
Slack : 2.521
TNS   : 0.000

Type  : Fast 900mV 0C Model Hold 'clk'
Slack : 0.013
TNS   : 0.000

Type  : Fast 900mV 0C Model Minimum Pulse Width 'clk'
Slack : 2.188
TNS   : 0.000

------------------------------------------------------------
